BL51 BANKED LINKER/LOCATER V6.22                                                        11/07/2015  14:53:14  PAGE 1


BL51 BANKED LINKER/LOCATER V6.22, INVOKED BY:
C:\PROGRAM FILES\KEIL\C51\BIN\BL51.EXE ..\out\obj\OS_CORE.obj, ..\out\obj\OS_Q.obj, ..\out\obj\OS_SEM.obj, ..\out\obj\OS
>> _CPU_C.obj, ..\out\obj\OS_CPU_A.obj, ..\out\obj\timer.obj, ..\out\obj\tone.obj, ..\out\obj\uart.obj, ..\out\obj\eepro
>> m.obj, ..\out\obj\key.obj, ..\out\obj\LED.obj, ..\out\obj\main.obj, ..\out\obj\PCA.obj, ..\out\obj\power.obj, ..\out\
>> obj\RF_remote.obj, ..\out\obj\sys.obj, ..\out\obj\SysClk.obj, ..\out\obj\HistoryLog.obj, ..\out\obj\WIFI.obj TO ..\ou
>> t\obj\Door_bell PRINT (..\out\list\Door_bell.m51) RAMSIZE (256)


MEMORY MODEL: LARGE


INPUT MODULES INCLUDED:
  ..\out\obj\OS_CORE.obj (OS_CORE)
  ..\out\obj\OS_Q.obj (OS_Q)
  ..\out\obj\OS_SEM.obj (OS_SEM)
  ..\out\obj\OS_CPU_C.obj (OS_CPU_C)
  ..\out\obj\OS_CPU_A.obj (OS_CPU_A_ASM)
  ..\out\obj\timer.obj (TIMER)
  ..\out\obj\tone.obj (TONE)
  ..\out\obj\uart.obj (UART)
  ..\out\obj\eeprom.obj (EEPROM)
  ..\out\obj\key.obj (KEY)
  ..\out\obj\LED.obj (LED)
  ..\out\obj\main.obj (MAIN)
  ..\out\obj\PCA.obj (PCA)
  ..\out\obj\power.obj (POWER)
  ..\out\obj\RF_remote.obj (RF_REMOTE)
  ..\out\obj\sys.obj (SYS)
  ..\out\obj\SysClk.obj (SYSCLK)
  ..\out\obj\HistoryLog.obj (HISTORYLOG)
  ..\out\obj\WIFI.obj (WIFI)
  C:\PROGRAM FILES\KEIL\C51\LIB\C51L.LIB (?C_STARTUP)
  C:\PROGRAM FILES\KEIL\C51\LIB\C51L.LIB (?C?COPY)
  C:\PROGRAM FILES\KEIL\C51\LIB\C51L.LIB (?C?CLDPTR)
  C:\PROGRAM FILES\KEIL\C51\LIB\C51L.LIB (?C?CLDOPTR)
  C:\PROGRAM FILES\KEIL\C51\LIB\C51L.LIB (?C?CILDPTR)
  C:\PROGRAM FILES\KEIL\C51\LIB\C51L.LIB (?C?CSTPTR)
  C:\PROGRAM FILES\KEIL\C51\LIB\C51L.LIB (?C?CSTOPTR)
  C:\PROGRAM FILES\KEIL\C51\LIB\C51L.LIB (?C?IMUL)
  C:\PROGRAM FILES\KEIL\C51\LIB\C51L.LIB (?C?UIDIV)
  C:\PROGRAM FILES\KEIL\C51\LIB\C51L.LIB (?C?IILDX)
  C:\PROGRAM FILES\KEIL\C51\LIB\C51L.LIB (?C?ILDIX)
  C:\PROGRAM FILES\KEIL\C51\LIB\C51L.LIB (?C?ILDPTR)
  C:\PROGRAM FILES\KEIL\C51\LIB\C51L.LIB (?C?ILDOPTR)
  C:\PROGRAM FILES\KEIL\C51\LIB\C51L.LIB (?C?ISTOPTR)
  C:\PROGRAM FILES\KEIL\C51\LIB\C51L.LIB (?C?SLCMP)
  C:\PROGRAM FILES\KEIL\C51\LIB\C51L.LIB (?C?LSHL)
  C:\PROGRAM FILES\KEIL\C51\LIB\C51L.LIB (?C?LLDPTR)
  C:\PROGRAM FILES\KEIL\C51\LIB\C51L.LIB (?C?LSTPTR)
  C:\PROGRAM FILES\KEIL\C51\LIB\C51L.LIB (?C?LSTXDATA)
  C:\PROGRAM FILES\KEIL\C51\LIB\C51L.LIB (?C?PLDPTR)
  C:\PROGRAM FILES\KEIL\C51\LIB\C51L.LIB (?C?PLDOPTR)
  C:\PROGRAM FILES\KEIL\C51\LIB\C51L.LIB (?C?CCASE)
  C:\PROGRAM FILES\KEIL\C51\LIB\C51L.LIB (?C?ICALL)
  C:\PROGRAM FILES\KEIL\C51\LIB\C51L.LIB (STRLEN)
  C:\PROGRAM FILES\KEIL\C51\LIB\C51L.LIB (STRSTR)
  C:\PROGRAM FILES\KEIL\C51\LIB\C51L.LIB (?C?MEMCMP)
  C:\PROGRAM FILES\KEIL\C51\LIB\C51L.LIB (?C?MEMSET)
BL51 BANKED LINKER/LOCATER V6.22                                                      11/07/2015  14:53:14  PAGE 2


  C:\PROGRAM FILES\KEIL\C51\LIB\C51L.LIB (?C_INIT)
  C:\PROGRAM FILES\KEIL\C51\LIB\C51L.LIB (?C?LLDIDATA)
  C:\PROGRAM FILES\KEIL\C51\LIB\C51L.LIB (?C?LLDXDATA)
  C:\PROGRAM FILES\KEIL\C51\LIB\C51L.LIB (?C?LLDPDATA)
  C:\PROGRAM FILES\KEIL\C51\LIB\C51L.LIB (?C?LLDCODE)
  C:\PROGRAM FILES\KEIL\C51\LIB\C51L.LIB (?C?LSTIDATA)
  C:\PROGRAM FILES\KEIL\C51\LIB\C51L.LIB (?C?LSTPDATA)
  C:\PROGRAM FILES\KEIL\C51\LIB\C51L.LIB (?C?PLDIDATA)
  C:\PROGRAM FILES\KEIL\C51\LIB\C51L.LIB (?C?PLDXDATA)
  C:\PROGRAM FILES\KEIL\C51\LIB\C51L.LIB (?C?PLDPDATA)
  C:\PROGRAM FILES\KEIL\C51\LIB\C51L.LIB (?C?PLDCODE)


LINK MAP OF MODULE:  ..\out\obj\Door_bell (OS_CORE)


            TYPE    BASE      LENGTH    RELOCATION   SEGMENT NAME
            -----------------------------------------------------

            * * * * * * *   D A T A   M E M O R Y   * * * * * * *
            REG     0000H     0008H     ABSOLUTE     "REG BANK 0"
            REG     0008H     0008H     ABSOLUTE     "REG BANK 1"
            DATA    0010H     0008H     UNIT         ?DT?OS_CPU_C
            DATA    0018H     0003H     UNIT         ?DT?OS_CORE
                    001BH     0005H                  *** GAP ***
            BIT     0020H.0   0000H.1   UNIT         ?BI?LED
            BIT     0020H.1   0000H.1   UNIT         ?BI?RF_REMOTE
            BIT     0020H.2   0000H.1   UNIT         _BIT_GROUP_
                    0020H.3   0000H.5                *** GAP ***
            IDATA   0021H     000AH     UNIT         ?ID?OS_SEM
            IDATA   002BH     0002H     UNIT         ?STACK

            * * * * * * *  X D A T A   M E M O R Y  * * * * * * *
            XDATA   0000H     02E2H     UNIT         ?XD?SYS
            XDATA   02E2H     0266H     UNIT         ?XD?UART
            XDATA   0548H     0077H     UNIT         _XDATA_GROUP_
            XDATA   05BFH     0037H     UNIT         ?XD?TIMER
            XDATA   05F6H     0023H     UNIT         ?XD?RF_REMOTE
            XDATA   0619H     000DH     UNIT         ?XD?TONE
            XDATA   0626H     000DH     UNIT         ?XD?WIFI
            XDATA   0633H     0007H     UNIT         ?XD?SYSCLK
            XDATA   063AH     0006H     UNIT         ?XD?OS_CORE
            XDATA   0640H     0002H     UNIT         ?XD?LED
            XDATA   0642H     0001H     UNIT         ?XD?POWER

            * * * * * * *   C O D E   M E M O R Y   * * * * * * *
            CODE    0000H     0003H     ABSOLUTE     
            CODE    0003H     0003H     ABSOLUTE     
            CODE    0006H     0015H     UNIT         ?PR?TASKB?MAIN
            CODE    001BH     0003H     ABSOLUTE     
            CODE    001EH     0003H     UNIT         ?PR?BEEPSTOP?TONE
            CODE    0021H     0002H     UNIT         ?PR?OSIDLE?OS_CPU_C
            CODE    0023H     0003H     ABSOLUTE     
            CODE    0026H     0015H     UNIT         ?PR?SYSSECONDEVENTHANDLE?SYS
            CODE    003BH     0003H     ABSOLUTE     
            CODE    003EH     0003H     UNIT         ?PR?PCA1_ISR?PCA
            CODE    0041H     0001H     UNIT         ?PR?WIFIAPSTATIONDISCONNECTED?WIFI
BL51 BANKED LINKER/LOCATER V6.22                                                      11/07/2015  14:53:14  PAGE 3


            CODE    0042H     0001H     UNIT         ?PR?WIFITCPSENDSUCCESS?WIFI
            CODE    0043H     0003H     ABSOLUTE     
            CODE    0046H     0AFCH     UNIT         ?CO?WIFI
            CODE    0B42H     07B9H     UNIT         ?PR?_APPINQUERYSETSYSSETTING?WIFI
            CODE    12FBH     06C8H     UNIT         ?PR?WIFIUPLOADEVENTTOPLATFORM?WIFI
            CODE    19C3H     063CH     UNIT         ?CO?UART
            CODE    1FFFH     05E9H     UNIT         ?C?LIB_CODE
            CODE    25E8H     05D4H     UNIT         ?PR?_APPINQUERYSETALARMHOST?WIFI
            CODE    2BBCH     04F2H     UNIT         ?PR?_WIFIAPPDATAPARSEHANDLE?WIFI
            CODE    30AEH     03C2H     UNIT         ?PR?PRINTPARAM?UART
            CODE    3470H     0394H     UNIT         ?PR?_APPREGISTERZONE?WIFI
            CODE    3804H     037CH     UNIT         ?PR?_APPREGISTERREMOTECONTRL?WIFI
            CODE    3B80H     0374H     UNIT         ?PR?_WIFIMODULEDATAPARSEHANDLE?WIFI
            CODE    3EF4H     0358H     UNIT         ?PR?_APPSETZONE?WIFI
            CODE    424CH     0330H     UNIT         ?PR?_APPSETREMOTECONTRL?WIFI
            CODE    457CH     0324H     UNIT         ?PR?_APPREGISTERDOORBELL?WIFI
            CODE    48A0H     02D6H     UNIT         ?PR?_APPSETDOORBELL?WIFI
            CODE    4B76H     02C4H     UNIT         ?PR?_SAVEALARMLOG?HISTORYLOG
            CODE    4E3AH     02A0H     UNIT         ?PR?_USARTPRINT?UART
            CODE    50DAH     023EH     UNIT         ?PR?_APPHOSTFIXRESPOND?WIFI
            CODE    5318H     0234H     UNIT         ?PR?EXINT0?RF_REMOTE
            CODE    554CH     0233H     UNIT         ?PR?_RFCOMMANDHANDLE?RF_REMOTE
            CODE    577FH     021BH     UNIT         ?PR?_APPINQUERYSETRFACCESSORY?WIFI
            CODE    599AH     020BH     UNIT         ?PR?WIFIRECEIVEDATAHANDLE?WIFI
            CODE    5BA5H     01DAH     UNIT         ?PR?_APPUNREGISTERREMOTECONTRL?WIFI
            CODE    5D7FH     01DAH     UNIT         ?PR?_APPUNREGISTERZONE?WIFI
            CODE    5F59H     01DAH     UNIT         ?PR?_APPUNREGISTERDOORBELL?WIFI
            CODE    6133H     01CAH     UNIT         ?PR?_INTTOSTR?UART
            CODE    62FDH     01C7H     UNIT         ?CO?RF_REMOTE
            CODE    64C4H     019DH     UNIT         ?PR?_EE_WRITE_SECTOR?EEPROM
            CODE    6661H     0159H     UNIT         ?CO?SYS
            CODE    67BAH     014DH     UNIT         ?PR?_RFZONEALARM?RF_REMOTE
            CODE    6907H     0140H     UNIT         ?PR?_UPDATETIMEFROMPLATFORM?WIFI
            CODE    6A47H     013DH     UNIT         ?PR?_RFSEARCHMATCHCODE?RF_REMOTE
            CODE    6B84H     013BH     UNIT         ?PR?_SYSTEMSEVER?SYS
            CODE    6CBFH     0135H     UNIT         ?PR?SYSTIMERUNITTASK?TIMER
            CODE    6DF4H     0130H     UNIT         ?PR?_APPINQUERYSETPASSWORD?WIFI
            CODE    6F24H     0130H     UNIT         ?PR?_APPINQUERYSETSYSSTATUS?WIFI
            CODE    7054H     012CH     UNIT         ?PR?SETIP?UART
            CODE    7180H     012AH     UNIT         ?PR?SYSPARAMLOADDEFAULT?EEPROM
            CODE    72AAH     0127H     UNIT         ?PR?GPIOSTATUS?UART
            CODE    73D1H     0119H     UNIT         ?PR?_DELETERFADRITEM?RF_REMOTE
            CODE    74EAH     0114H     UNIT         ?PR?_TIMERUNITDEL?TIMER
            CODE    75FEH     00F8H     UNIT         ?PR?WIFIROUTINEHANDLE?WIFI
            CODE    76F6H     00F2H     UNIT         ?PR?_ALARMINFORPUSH?SYS
            CODE    77E8H     00E8H     UNIT         ?PR?_RFCODESTORE?RF_REMOTE
            CODE    78D0H     00DAH     UNIT         ?PR?_RFREGISTERHANDLE?RF_REMOTE
            CODE    79AAH     00D6H     UNIT         ?PR?_SYSDELAYARMBEEPTONE?SYS
            CODE    7A80H     00D2H     UNIT         ?PR?_EE_WRITESECTOR?EEPROM
            CODE    7B52H     00BFH     UNIT         ?PR?_STRSTR?STRSTR
            CODE    7C11H     00BBH     UNIT         ?PR?_TIMERUNITADD?TIMER
            CODE    7CCCH     00B1H     UNIT         ?PR?SCANKEY1?KEY
            CODE    7D7DH     00ABH     UNIT         ?PR?_OSWAIT?OS_CORE
            CODE    7E28H     00A8H     UNIT         ?PR?SCANKEY2?KEY
            CODE    7ED0H     00A7H     UNIT         ?PR?LEDBLINK?LED
            CODE    7F77H     0099H     UNIT         ?PR?UART2ISR?UART
            CODE    8010H     0099H     UNIT         ?PR?SYSTEMRFREGISTERSTATUS?RF_REMOTE
BL51 BANKED LINKER/LOCATER V6.22                                                      11/07/2015  14:53:14  PAGE 4


            CODE    80A9H     0099H     UNIT         ?PR?SYSTEMDISARMEDSTATUS?SYS
            CODE    8142H     0099H     UNIT         ?PR?_MATCHDEVICEID?WIFI
            CODE    81DBH     0097H     UNIT         ?PR?_KEYPADHANDLER?KEY
            CODE    8272H     0097H     UNIT         ?PR?SYSRUNTASK?SYS
            CODE    8309H     0094H     UNIT         ?PR?_WIFIACCEPTOKHADLE?WIFI
            CODE    839DH     0093H     UNIT         ?PR?UART1ISR?UART
            CODE    8430H     0092H     UNIT         ?PR?_APPLOGINHOST?WIFI
            CODE    84C2H     0090H     UNIT         ?PR?SYSTEMHOMEARMEDSTATUS?SYS
            CODE    8552H     008FH     UNIT         ?PR?SYSTEMARMEDSTATUS?SYS
            CODE    85E1H     008EH     UNIT         ?PR?C_OSCTXSW?OS_CPU_C
            CODE    866FH     008CH     UNIT         ?C_C51STARTUP
            CODE    86FBH     0088H     UNIT         ?PR?BATTERYVOLTAGECHECK?POWER
            CODE    8783H     0081H     UNIT         ?PR?OSSTART?OS_CPU_C
            CODE    8804H     007FH     UNIT         ?PR?LEDREFRESH?LED
            CODE    8883H     007DH     UNIT         ?PR?_SYSALARMINFOR?SYS
            CODE    8900H     007CH     UNIT         ?PR?_PLAYPROMPTTONE?TONE
            CODE    897CH     007AH     UNIT         ?PR?_OSSEMPEND?OS_SEM
            CODE    89F6H     007AH     UNIT         ?PR?UARTFROMPC?UART
            CODE    8A70H     0079H     UNIT         ?PR?_UARTTICKCHECK?UART
            CODE    8AE9H     0079H     UNIT         ?PR?_WIFIPRINTF?WIFI
            CODE    8B62H     0077H     UNIT         ?PR?AUTOARMDISARMHANDLE?SYS
            CODE    8BD9H     0074H     UNIT         ?PR?SYSPARAMFROMEEPROM?EEPROM
            CODE    8C4DH     0073H     UNIT         ?PR?_HOSTMSGPOST?SYS
            CODE    8CC0H     0072H     UNIT         ?PR?HOSTMSGPEND?SYS
            CODE    8D32H     0071H     UNIT         ?PR?_ADDRFADRITEM?RF_REMOTE
            CODE    8DA3H     006FH     UNIT         ?CO?EEPROM
            CODE    8E12H     006EH     UNIT         ?PR?_UARTRECEIVEHANDLER?UART
            CODE    8E80H     006BH     UNIT         ?PR?CMDINQUERY?UART
            CODE    8EEBH     006BH     UNIT         ?PR?_SYSALARMHANDLE?SYS
            CODE    8F56H     006AH     UNIT         ?PR?_APPINQUERYSETPHONENUMBER?WIFI
            CODE    8FC0H     0069H     UNIT         ?PR?_UARTOPEN?UART
            CODE    9029H     0069H     UNIT         ?PR?_SYSPRINTF?UART
            CODE    9092H     0068H     UNIT         ?PR?_RESPONDDEVICEINFORCHECK?WIFI
            CODE    90FAH     0067H     UNIT         ?PR?_UARTSENDBYTE?UART
            CODE    9161H     0067H     UNIT         ?PR?SYSVARINIT?SYS
            CODE    91C8H     0066H     UNIT         ?PR?_HEXTOASC?SYS
            CODE    922EH     0063H     UNIT         ?PR?PWMON?TONE
            CODE    9291H     0062H     UNIT         ?PR?SETMUTESTATUS?UART
            CODE    92F3H     005FH     UNIT         ?CO?KEY
            CODE    9352H     005DH     UNIT         ?PR?SYSPOWEROFF?SYS
            CODE    93AFH     005CH     UNIT         ?PR?_EE_READ_DATA?EEPROM
            CODE    940BH     005CH     UNIT         ?PR?WIFICONFIG?WIFI
            CODE    9467H     005AH     UNIT         ?CO?MAIN
            CODE    94C1H     0059H     UNIT         ?PR?SIRENISR?TONE
            CODE    951AH     0058H     UNIT         ?CO?TONE
            CODE    9572H     0056H     UNIT         ?PR?POWERACSWITCHHANDLE?POWER
            CODE    95C8H     0055H     UNIT         ?PR?POWERACDETECT?POWER
            CODE    961DH     0055H     UNIT         ?PR?WIFISENDDEVICEINFOR?WIFI
            CODE    9672H     0055H     UNIT         ?PR?_APPSEARCHHOST?WIFI
            CODE    96C7H     0054H     UNIT         ?PR?OPENSIREN?TONE
            CODE    971BH     0052H     UNIT         ?PR?_ALARMINFORPOP?SYS
            CODE    976DH     0052H     UNIT         ?PR?SYSDELAYARMALARMHANDLE?SYS
            CODE    97BFH     0052H     UNIT         ?PR?SYSINIT?SYS
            CODE    9811H     0051H     UNIT         ?C_INITSEG
            CODE    9862H     0051H     UNIT         ?PR?EE_DATA_DEFAULT?EEPROM
            CODE    98B3H     0051H     UNIT         ?PR?_GETRFTYPE?RF_REMOTE
            CODE    9904H     0050H     UNIT         ?PR?TONEROUTINEHANDLE?TONE
BL51 BANKED LINKER/LOCATER V6.22                                                      11/07/2015  14:53:14  PAGE 5


            CODE    9954H     0050H     UNIT         ?PR?_BEEPTONE?TONE
            CODE    99A4H     004DH     UNIT         ?PR?_ASCTOHEX?SYS
            CODE    99F1H     004CH     UNIT         ?PR?RTCTICK?SYSCLK
            CODE    9A3DH     004BH     UNIT         ?PR?_CACULATECHECKSUM?EEPROM
            CODE    9A88H     004AH     UNIT         ?PR?_APPENTRYREGISTERSTATUS?WIFI
            CODE    9AD2H     0049H     UNIT         ?PR?_OSSEMINTPOST?OS_SEM
            CODE    9B1BH     0049H     UNIT         ?PR?_UARTSENDSTRING?UART
            CODE    9B64H     0049H     UNIT         ?PR?WIFIINIT?WIFI
            CODE    9BADH     0046H     UNIT         ?PR?AUTOUPLOADSTATUSTOPLATFORM?SYS
            CODE    9BF3H     0045H     UNIT         ?PR?RFRECEIVEHANDLER?RF_REMOTE
            CODE    9C38H     0044H     UNIT         ?PR?_SETTIMEOUT?TIMER
            CODE    9C7CH     0044H     UNIT         ?PR?_LEDBLINKSET?LED
            CODE    9CC0H     0043H     UNIT         ?PR?_CLEARUARTBUFFER?UART
            CODE    9D03H     0041H     UNIT         ?PR?OSTICKISR?OS_CPU_C
            CODE    9D44H     0041H     UNIT         ?PR?BEEPTASK?TONE
            CODE    9D85H     003EH     UNIT         ?PR?POWERINIT?POWER
            CODE    9DC3H     003CH     UNIT         ?PR?_LEDINDICATOR?LED
            CODE    9DFFH     003CH     UNIT         ?PR?RFINIT?RF_REMOTE
            CODE    9E3BH     003AH     UNIT         ?PR?_UARTSENDWCHARSTRING?UART
            CODE    9E75H     003AH     UNIT         ?PR?_WIFIGETDATAFIELDLEN?WIFI
            CODE    9EAFH     0038H     UNIT         ?CO?POWER
            CODE    9EE7H     0036H     UNIT         ?PR?WIFISTARTUPRESET?WIFI
            CODE    9F1DH     0036H     UNIT         ?PR?WIFICONNECTPLATFORM?WIFI
            CODE    9F53H     0035H     UNIT         ?PR?WIFIDISCONNECT?WIFI
            CODE    9F88H     0034H     UNIT         ?PR?OSTIMETICK?OS_CORE
            CODE    9FBCH     0034H     UNIT         ?PR?LEDINIT?LED
            CODE    9FF0H     0034H     UNIT         ?PR?WIFICONNECTED?WIFI
            CODE    A024H     0033H     UNIT         ?PR?LOADCTX?OS_CPU_A
            CODE    A057H     0033H     UNIT         ?PR?_UARTSENDENTERSTRING?UART
            CODE    A08AH     0033H     UNIT         ?PR?RFROUTINEHANDLE?RF_REMOTE
            CODE    A0BDH     0033H     UNIT         ?PR?WIFILOSTCONNECTPLATFORM?WIFI
            CODE    A0F0H     0031H     UNIT         ?PR?LEDSYSSTATUSINDICATE?LED
            CODE    A121H     0031H     UNIT         ?PR?_WIFICHECKCONNECTPLATFORMRESPOND?WIFI
            CODE    A152H     002FH     UNIT         ?PR?OSINTCTXSW?OS_CPU_A
            CODE    A181H     002EH     UNIT         ?PR?_SYSTEMSTATUSMACHINE?SYS
            CODE    A1AFH     002DH     UNIT         ?CO?TIMER
            CODE    A1DCH     002DH     UNIT         ?PR?TASKA?MAIN
            CODE    A209H     002CH     UNIT         ?PR?_OSSEMCREATE?OS_SEM
            CODE    A235H     002CH     UNIT         ?PR?UARTINIT?UART
            CODE    A261H     002BH     UNIT         ?PR?BEEPPLAY?TONE
            CODE    A28CH     002BH     UNIT         ?PR?_GETRFMODE?RF_REMOTE
            CODE    A2B7H     0027H     UNIT         ?PR?OSINTEXIT?OS_CORE
            CODE    A2DEH     0027H     UNIT         ?PR?_UARTSENDDATA?UART
            CODE    A305H     0026H     UNIT         ?PR?_GETZONENAMEADR?RF_REMOTE
            CODE    A32BH     0025H     UNIT         ?PR?GETBATADCVAL?POWER
            CODE    A350H     0025H     UNIT         ?PR?_WIFIGETUNICODEFIELDLEN?WIFI
            CODE    A375H     0025H     UNIT         ?PR?RESPONDENTRYSETCONNECTAP?WIFI
            CODE    A39AH     0024H     UNIT         ?PR?OSSCHED?OS_CORE
            CODE    A3BEH     0024H     UNIT         ?PR?_LEDALARMINDICATE?LED
            CODE    A3E2H     0024H     UNIT         ?PR?PCA_ISR?PCA
            CODE    A406H     0023H     UNIT         ?PR?CLOSESIREN?TONE
            CODE    A429H     0023H     UNIT         ?PR?SYSCHECKALARMEVENT?SYS
            CODE    A44CH     0022H     UNIT         ?PR?_OSCLEARSIGNAL?OS_CORE
            CODE    A46EH     0022H     UNIT         ?PR?PRINTON?UART
            CODE    A490H     0021H     UNIT         ?PR?_OSINTSENDSIGNAL?OS_CORE
            CODE    A4B1H     0021H     UNIT         ?PR?PRINTOFF?UART
            CODE    A4D2H     0020H     UNIT         ?PR?PLAYDOORBELLTIMEOUT?TONE
BL51 BANKED LINKER/LOCATER V6.22                                                      11/07/2015  14:53:14  PAGE 6


            CODE    A4F2H     001FH     UNIT         ?PR?SYSPARAMTOEEPROM?EEPROM
            CODE    A511H     001FH     UNIT         ?PR?WIFIGETIP?WIFI
            CODE    A530H     001EH     UNIT         ?PR?TONEINIT?TONE
            CODE    A54EH     001EH     UNIT         ?PR?WIFIEXITSETCONNECTAP?WIFI
            CODE    A56CH     001DH     UNIT         ?PR?SYSCLKINIT?SYSCLK
            CODE    A589H     001DH     UNIT         ?PR?WIFIPOWERON?WIFI
            CODE    A5A6H     001AH     UNIT         ?PR?BEEPISR?TONE
            CODE    A5C0H     001AH     UNIT         ?PR?HOSTQUENEINIT?SYS
            CODE    A5DAH     001AH     UNIT         ?PR?_ASCSTRTOBYTE?SYS
            CODE    A5F4H     0019H     UNIT         ?PR?_IAPPROGRAMBYTE?EEPROM
            CODE    A60DH     0019H     UNIT         ?PR?WIFIENTRYSETCONNECTAP?WIFI
            CODE    A626H     0018H     UNIT         ?PR?_IAPREADBYTE?EEPROM
            CODE    A63EH     0018H     UNIT         ?PR?WIFIRESET?WIFI
            CODE    A656H     0017H     UNIT         ?PR?_CREATEMSG?SYS
            CODE    A66DH     0016H     UNIT         ?PR?_IAPERASESECTOR?EEPROM
            CODE    A683H     0016H     UNIT         ?PR?USERTICKTIMER?SYSCLK
            CODE    A699H     0015H     UNIT         ?PR?_STRLEN?STRLEN
            CODE    A6AEH     0014H     UNIT         ?PR?KEY1INIT?KEY
            CODE    A6C2H     0014H     UNIT         ?PR?PCAINIT?PCA
            CODE    A6D6H     0014H     UNIT         ?PR?RFTICKHANDLE?RF_REMOTE
            CODE    A6EAH     0013H     UNIT         ?PR?DEBUGWIFI?UART
            CODE    A6FDH     0013H     UNIT         ?PR?KEY2INIT?KEY
            CODE    A710H     0012H     UNIT         ?PR?TASKC?MAIN
            CODE    A722H     0012H     UNIT         ?PR?TASKD?MAIN
            CODE    A734H     0012H     UNIT         ?PR?TASKE?MAIN
            CODE    A746H     0012H     UNIT         ?PR?SYSTASKINIT?SYS
            CODE    A758H     0012H     UNIT         ?PR?WIFITCPRECONNECT?WIFI
            CODE    A76AH     0012H     UNIT         ?PR?WIFIDEFAULT?WIFI
            CODE    A77CH     0012H     UNIT         ?PR?EXITSETCONNECTAPFROMMODULE?WIFI
            CODE    A78EH     000FH     UNIT         ?PR?_OSSEMPOST?OS_SEM
            CODE    A79DH     000FH     UNIT         ?CO?OS_CPU_C
            CODE    A7ACH     000FH     UNIT         ?PR?EXESETCONNECTAPFROMMODULE?WIFI
            CODE    A7BBH     000EH     UNIT         ?PR?PWMOFF?TONE
            CODE    A7C9H     000EH     UNIT         ?PR?PCA0_ISR?PCA
            CODE    A7D7H     000EH     UNIT         ?PR?WIFISETCONNECTAPSUCCESS?WIFI
            CODE    A7E5H     000DH     UNIT         ?PR?OSCTXSW?OS_CPU_A
            CODE    A7F2H     000DH     UNIT         ?PR?IAPIDLE?EEPROM
            CODE    A7FFH     000DH     UNIT         ?PR?_SYSTASKENABLE?SYS
            CODE    A80CH     000CH     UNIT         ?PR?SYSMINUTEEVENTHANDLE?SYS
            CODE    A818H     000BH     UNIT         ?PR?BEEPININT?TONE
            CODE    A823H     000BH     UNIT         ?PR?LEDTASK?LED
            CODE    A82EH     000BH     UNIT         ?PR?_DELAYNOP?SYS
            CODE    A839H     000AH     UNIT         ?PR?TIMERINIT?TIMER
            CODE    A843H     000AH     UNIT         ?PR?_LM386SET?TONE
            CODE    A84DH     000AH     UNIT         ?PR?_SYSPLAYBEEPTONE?SYS
            CODE    A857H     0009H     UNIT         ?CO?OS_CORE
            CODE    A860H     0009H     UNIT         ?PR?LEDCLOSEZONEBLINK?LED
            CODE    A869H     0009H     UNIT         ?PR?WIFICHECKPLATFORMCONNECT?WIFI
            CODE    A872H     0007H     UNIT         ?PR?LEDALLOFF?LED
            CODE    A879H     0007H     UNIT         ?PR?WIFISETCMSADR?WIFI
            CODE    A880H     0006H     UNIT         ?PR?_OSSENDSIGNAL?OS_CORE
            CODE    A886H     0006H     UNIT         ?PR?KEYINIT?KEY
            CODE    A88CH     0006H     UNIT         ?PR?MAIN?MAIN
            CODE    A892H     0006H     UNIT         ?PR?WIFIAPSTATIONCONNECTED?WIFI
            CODE    A898H     0003H     UNIT         ?PR?RFENABLE?RF_REMOTE
            CODE    A89BH     0003H     UNIT         ?PR?RFDISABLE?RF_REMOTE
            CODE    A89EH     0003H     UNIT         ?PR?WIFIENABLE?WIFI
BL51 BANKED LINKER/LOCATER V6.22                                                      11/07/2015  14:53:14  PAGE 7


            CODE    A8A1H     0003H     UNIT         ?PR?WIFIDISABLE?WIFI



OVERLAY MAP OF MODULE:   ..\out\obj\Door_bell (OS_CORE)


SEGMENT                                             BIT_GROUP          XDATA_GROUP
  +--> CALLED SEGMENT                            START    LENGTH     START    LENGTH
------------------------------------------------------------------------------------
?PR?OSTICKISR?OS_CPU_C                           -----    -----      -----    -----
  +--> ?PR?USERTICKTIMER?SYSCLK
  +--> ?PR?OSTIMETICK?OS_CORE
  +--> ?PR?OSINTEXIT?OS_CORE

?PR?USERTICKTIMER?SYSCLK                         -----    -----      -----    -----
  +--> ?PR?RTCTICK?SYSCLK
  +--> ?PR?_UARTTICKCHECK?UART
  +--> ?PR?RFTICKHANDLE?RF_REMOTE

?PR?RTCTICK?SYSCLK                               -----    -----      -----    -----
  +--> ?PR?_HOSTMSGPOST?SYS

?PR?_HOSTMSGPOST?SYS                             -----    -----      0565H    0002H

?PR?_UARTTICKCHECK?UART                          -----    -----      0548H    0001H
  +--> ?PR?_HOSTMSGPOST?SYS

?PR?OSTIMETICK?OS_CORE                           -----    -----      -----    -----
  +--> ?PR?_OSINTSENDSIGNAL?OS_CORE

?PR?_OSINTSENDSIGNAL?OS_CORE                     -----    -----      -----    -----
  +--> ?CO?OS_CORE

?PR?OSINTEXIT?OS_CORE                            -----    -----      -----    -----
  +--> ?PR?OSINTCTXSW?OS_CPU_A

?PR?OSINTCTXSW?OS_CPU_A                          -----    -----      -----    -----
  +--> ?PR?OSCTXSW?OS_CPU_A
  +--> ?CO?OS_CORE
  +--> ?PR?C_OSCTXSW?OS_CPU_C

?PR?OSCTXSW?OS_CPU_A                             -----    -----      -----    -----
  +--> ?CO?OS_CORE
  +--> ?PR?C_OSCTXSW?OS_CPU_C

?PR?C_OSCTXSW?OS_CPU_C                           -----    -----      -----    -----
  +--> ?PR?LOADCTX?OS_CPU_A

?PR?LOADCTX?OS_CPU_A                             -----    -----      -----    -----
  +--> ?CO?OS_CORE

*** NEW ROOT ***************************************************

?PR?PCA_ISR?PCA                                  -----    -----      -----    -----
  +--> ?PR?PCA0_ISR?PCA
  +--> ?PR?PCA1_ISR?PCA
BL51 BANKED LINKER/LOCATER V6.22                                                      11/07/2015  14:53:14  PAGE 8



*** NEW ROOT ***************************************************

?PR?EXINT0?RF_REMOTE                             -----    -----      -----    -----
  +--> ?PR?_HOSTMSGPOST?SYS

*** NEW ROOT ***************************************************

?C_C51STARTUP                                    -----    -----      -----    -----
  +--> ?PR?MAIN?MAIN
  +--> ?C_INITSEG

?PR?MAIN?MAIN                                    -----    -----      -----    -----
  +--> ?PR?SYSCLKINIT?SYSCLK
  +--> ?PR?OSSTART?OS_CPU_C

?PR?OSSTART?OS_CPU_C                             -----    -----      -----    -----
  +--> ?CO?OS_CPU_C
  +--> ?PR?OSIDLE?OS_CPU_C

?CO?OS_CPU_C                                     -----    -----      -----    -----
  +--> ?PR?TASKA?MAIN
  +--> ?PR?TASKB?MAIN
  +--> ?PR?TASKC?MAIN
  +--> ?PR?TASKD?MAIN
  +--> ?PR?TASKE?MAIN

?PR?TASKA?MAIN                                   -----    -----      -----    -----
  +--> ?PR?_OSSEMCREATE?OS_SEM
  +--> ?PR?SYSINIT?SYS
  +--> ?CO?MAIN
  +--> ?PR?_SYSPRINTF?UART
  +--> ?PR?_HOSTMSGPOST?SYS
  +--> ?PR?_SYSTEMSTATUSMACHINE?SYS

?PR?SYSINIT?SYS                                  -----    -----      -----    -----
  +--> ?PR?SYSPARAMFROMEEPROM?EEPROM
  +--> ?PR?SYSVARINIT?SYS
  +--> ?PR?UARTINIT?UART
  +--> ?PR?HOSTQUENEINIT?SYS
  +--> ?PR?SYSTASKINIT?SYS
  +--> ?PR?POWERINIT?POWER
  +--> ?PR?TIMERINIT?TIMER
  +--> ?PR?WIFIINIT?WIFI
  +--> ?PR?LEDINIT?LED
  +--> ?PR?KEYINIT?KEY
  +--> ?PR?PCAINIT?PCA
  +--> ?PR?RFINIT?RF_REMOTE
  +--> ?PR?TONEINIT?TONE
  +--> ?PR?_CREATEMSG?SYS
  +--> ?CO?SYS
  +--> ?PR?_SETTIMEOUT?TIMER

?PR?SYSPARAMFROMEEPROM?EEPROM                    -----    -----      -----    -----
  +--> ?PR?_EE_READ_DATA?EEPROM
  +--> ?PR?_CACULATECHECKSUM?EEPROM
  +--> ?CO?EEPROM
BL51 BANKED LINKER/LOCATER V6.22                                                      11/07/2015  14:53:14  PAGE 9


  +--> ?PR?_SYSPRINTF?UART
  +--> ?PR?SYSPARAMLOADDEFAULT?EEPROM
  +--> ?PR?_EE_WRITESECTOR?EEPROM
  +--> ?PR?_IAPERASESECTOR?EEPROM

?PR?_EE_READ_DATA?EEPROM                         -----    -----      0570H    0007H
  +--> ?PR?_OSSEMPEND?OS_SEM
  +--> ?PR?_IAPREADBYTE?EEPROM
  +--> ?PR?_OSSEMPOST?OS_SEM

?PR?_OSSEMPEND?OS_SEM                            -----    -----      -----    -----
  +--> ?CO?OS_CORE
  +--> ?PR?_OSCLEARSIGNAL?OS_CORE
  +--> ?PR?OSSCHED?OS_CORE

?PR?_OSCLEARSIGNAL?OS_CORE                       -----    -----      -----    -----
  +--> ?CO?OS_CORE

?PR?OSSCHED?OS_CORE                              -----    -----      -----    -----
  +--> ?PR?OSCTXSW?OS_CPU_A

?PR?_IAPREADBYTE?EEPROM                          -----    -----      -----    -----
  +--> ?PR?IAPIDLE?EEPROM

?PR?_OSSEMPOST?OS_SEM                            -----    -----      -----    -----
  +--> ?PR?_OSSEMINTPOST?OS_SEM
  +--> ?PR?OSSCHED?OS_CORE

?PR?_OSSEMINTPOST?OS_SEM                         -----    -----      -----    -----
  +--> ?CO?OS_CORE
  +--> ?PR?_OSINTSENDSIGNAL?OS_CORE

?PR?_CACULATECHECKSUM?EEPROM                     -----    -----      056BH    0005H

?PR?_SYSPRINTF?UART                              -----    -----      0570H    002EH
  +--> ?CO?UART
  +--> ?PR?_OSSEMPEND?OS_SEM
  +--> ?PR?_USARTPRINT?UART
  +--> ?PR?_OSSEMPOST?OS_SEM

?PR?_USARTPRINT?UART                             -----    -----      059FH    0012H
  +--> ?PR?_INTTOSTR?UART
  +--> ?PR?_UARTSENDSTRING?UART
  +--> ?PR?_UARTSENDENTERSTRING?UART
  +--> ?PR?_UARTSENDWCHARSTRING?UART
  +--> ?PR?_UARTSENDDATA?UART
  +--> ?PR?_UARTSENDBYTE?UART

?PR?_INTTOSTR?UART                               -----    -----      05B1H    000EH
  +--> ?CO?UART

?PR?_UARTSENDSTRING?UART                         -----    -----      05B1H    0005H
  +--> ?PR?_UARTSENDBYTE?UART

?PR?_UARTSENDENTERSTRING?UART                    -----    -----      05B1H    0001H
  +--> ?PR?_UARTSENDBYTE?UART

BL51 BANKED LINKER/LOCATER V6.22                                                      11/07/2015  14:53:14  PAGE 10


?PR?_UARTSENDWCHARSTRING?UART                    -----    -----      05B1H    0001H
  +--> ?PR?_UARTSENDBYTE?UART

?PR?_UARTSENDDATA?UART                           -----    -----      05B1H    0005H
  +--> ?PR?_UARTSENDBYTE?UART

?PR?SYSPARAMLOADDEFAULT?EEPROM                   -----    -----      -----    -----
  +--> ?CO?EEPROM
  +--> ?PR?_CACULATECHECKSUM?EEPROM

?PR?_EE_WRITESECTOR?EEPROM                       -----    -----      056BH    000BH
  +--> ?PR?_OSSEMPEND?OS_SEM
  +--> ?PR?_IAPERASESECTOR?EEPROM
  +--> ?PR?_IAPPROGRAMBYTE?EEPROM
  +--> ?PR?_OSSEMPOST?OS_SEM

?PR?_IAPERASESECTOR?EEPROM                       -----    -----      -----    -----
  +--> ?PR?IAPIDLE?EEPROM

?PR?_IAPPROGRAMBYTE?EEPROM                       -----    -----      -----    -----
  +--> ?PR?IAPIDLE?EEPROM

?PR?UARTINIT?UART                                -----    -----      -----    -----
  +--> ?PR?_UARTOPEN?UART

?PR?SYSTASKINIT?SYS                              -----    -----      -----    -----
  +--> ?PR?_SYSTASKENABLE?SYS

?PR?POWERINIT?POWER                              -----    -----      -----    -----
  +--> ?PR?_SYSTASKENABLE?SYS

?PR?TIMERINIT?TIMER                              -----    -----      -----    -----
  +--> ?PR?_SYSTASKENABLE?SYS

?PR?WIFIINIT?WIFI                                -----    -----      -----    -----
  +--> ?PR?WIFIENABLE?WIFI
  +--> ?PR?WIFIDISABLE?WIFI

?PR?LEDINIT?LED                                  -----    -----      -----    -----
  +--> ?PR?_SYSTASKENABLE?SYS

?PR?KEYINIT?KEY                                  -----    -----      -----    -----
  +--> ?PR?KEY1INIT?KEY
  +--> ?PR?KEY2INIT?KEY

?PR?KEY1INIT?KEY                                 -----    -----      -----    -----
  +--> ?PR?_SYSTASKENABLE?SYS

?PR?KEY2INIT?KEY                                 -----    -----      -----    -----
  +--> ?PR?_SYSTASKENABLE?SYS

?PR?RFINIT?RF_REMOTE                             -----    -----      -----    -----
  +--> ?PR?RFENABLE?RF_REMOTE

?PR?TONEINIT?TONE                                -----    -----      -----    -----
  +--> ?PR?_LM386SET?TONE
  +--> ?PR?BEEPININT?TONE
BL51 BANKED LINKER/LOCATER V6.22                                                      11/07/2015  14:53:14  PAGE 11



?PR?BEEPININT?TONE                               -----    -----      -----    -----
  +--> ?PR?_SYSTASKENABLE?SYS

?PR?_CREATEMSG?SYS                               -----    -----      0553H    0004H

?CO?SYS                                          -----    -----      -----    -----
  +--> ?PR?SYSTIMERUNITTASK?TIMER
  +--> ?PR?SCANKEY1?KEY
  +--> ?PR?SCANKEY2?KEY
  +--> ?PR?SYSSECONDEVENTHANDLE?SYS
  +--> ?PR?LEDTASK?LED
  +--> ?PR?POWERACDETECT?POWER
  +--> ?PR?BATTERYVOLTAGECHECK?POWER
  +--> ?PR?BEEPTASK?TONE

?PR?SYSTIMERUNITTASK?TIMER                       -----    -----      0559H    0001H
  +--> ?PR?_HOSTMSGPOST?SYS

?PR?SCANKEY1?KEY                                 0020H.2  0000H.1    0559H    0001H
  +--> ?CO?KEY
  +--> ?PR?_SYSPRINTF?UART
  +--> ?PR?_HOSTMSGPOST?SYS

?PR?SCANKEY2?KEY                                 0020H.2  0000H.1    0559H    0001H
  +--> ?PR?_HOSTMSGPOST?SYS

?PR?SYSSECONDEVENTHANDLE?SYS                     -----    -----      -----    -----
  +--> ?PR?WIFIROUTINEHANDLE?WIFI
  +--> ?PR?SYSDELAYARMALARMHANDLE?SYS
  +--> ?PR?AUTOUPLOADSTATUSTOPLATFORM?SYS
  +--> ?PR?RFROUTINEHANDLE?RF_REMOTE
  +--> ?PR?TONEROUTINEHANDLE?TONE
  +--> ?PR?SYSCHECKALARMEVENT?SYS

?PR?WIFIROUTINEHANDLE?WIFI                       -----    -----      -----    -----
  +--> ?PR?_HOSTMSGPOST?SYS
  +--> ?PR?_ALARMINFORPUSH?SYS

?PR?SYSDELAYARMALARMHANDLE?SYS                   -----    -----      -----    -----
  +--> ?PR?_HOSTMSGPOST?SYS

?PR?AUTOUPLOADSTATUSTOPLATFORM?SYS               -----    -----      -----    -----
  +--> ?PR?_ALARMINFORPUSH?SYS

?PR?RFROUTINEHANDLE?RF_REMOTE                    -----    -----      -----    -----
  +--> ?PR?_HOSTMSGPOST?SYS

?PR?TONEROUTINEHANDLE?TONE                       -----    -----      -----    -----
  +--> ?PR?_HOSTMSGPOST?SYS

?PR?SYSCHECKALARMEVENT?SYS                       -----    -----      -----    -----
  +--> ?PR?_HOSTMSGPOST?SYS

?PR?LEDTASK?LED                                  -----    -----      -----    -----
  +--> ?PR?LEDBLINK?LED
  +--> ?PR?LEDREFRESH?LED
BL51 BANKED LINKER/LOCATER V6.22                                                      11/07/2015  14:53:14  PAGE 12



?PR?POWERACDETECT?POWER                          0020H.2  0000H.1    0559H    0001H
  +--> ?PR?_HOSTMSGPOST?SYS

?PR?BATTERYVOLTAGECHECK?POWER                    -----    -----      0559H    0003H
  +--> ?PR?GETBATADCVAL?POWER
  +--> ?CO?POWER
  +--> ?PR?_SYSPRINTF?UART
  +--> ?PR?_HOSTMSGPOST?SYS

?PR?BEEPTASK?TONE                                -----    -----      -----    -----
  +--> ?PR?BEEPPLAY?TONE
  +--> ?PR?BEEPSTOP?TONE

?PR?BEEPPLAY?TONE                                -----    -----      -----    -----
  +--> ?PR?_LM386SET?TONE
  +--> ?PR?BEEPISR?TONE

?PR?BEEPSTOP?TONE                                -----    -----      -----    -----
  +--> ?PR?PWMOFF?TONE

?PR?PWMOFF?TONE                                  -----    -----      -----    -----
  +--> ?PR?_LM386SET?TONE

?PR?_SETTIMEOUT?TIMER                            -----    -----      0553H    0009H
  +--> ?PR?_TIMERUNITDEL?TIMER
  +--> ?PR?_TIMERUNITADD?TIMER

?PR?_TIMERUNITDEL?TIMER                          -----    -----      055CH    0003H

?PR?_TIMERUNITADD?TIMER                          -----    -----      055CH    0008H
  +--> ?CO?TIMER
  +--> ?PR?_SYSPRINTF?UART

?PR?_SYSTEMSTATUSMACHINE?SYS                     -----    -----      -----    -----
  +--> ?PR?SYSTEMARMEDSTATUS?SYS
  +--> ?PR?SYSTEMHOMEARMEDSTATUS?SYS
  +--> ?PR?SYSTEMRFREGISTERSTATUS?RF_REMOTE
  +--> ?PR?SYSTEMDISARMEDSTATUS?SYS

?PR?SYSTEMARMEDSTATUS?SYS                        -----    -----      -----    -----
  +--> ?PR?SYSPARAMTOEEPROM?EEPROM
  +--> ?CO?SYS
  +--> ?PR?_TIMERUNITDEL?TIMER
  +--> ?PR?_SYSPRINTF?UART
  +--> ?PR?HOSTMSGPEND?SYS
  +--> ?PR?LEDSYSSTATUSINDICATE?LED
  +--> ?PR?_SYSALARMHANDLE?SYS
  +--> ?PR?_HOSTMSGPOST?SYS
  +--> ?PR?_SYSTEMSEVER?SYS

?PR?SYSPARAMTOEEPROM?EEPROM                      -----    -----      -----    -----
  +--> ?PR?_CACULATECHECKSUM?EEPROM
  +--> ?PR?_EE_WRITESECTOR?EEPROM

?PR?HOSTMSGPEND?SYS                              -----    -----      -----    -----
  +--> ?PR?_OSWAIT?OS_CORE
BL51 BANKED LINKER/LOCATER V6.22                                                      11/07/2015  14:53:14  PAGE 13



?PR?_OSWAIT?OS_CORE                              -----    -----      -----    -----
  +--> ?PR?_OSCLEARSIGNAL?OS_CORE
  +--> ?PR?OSSCHED?OS_CORE

?PR?LEDSYSSTATUSINDICATE?LED                     -----    -----      -----    -----
  +--> ?PR?_LEDBLINKSET?LED
  +--> ?PR?_LEDINDICATOR?LED

?PR?_LEDINDICATOR?LED                            -----    -----      -----    -----
  +--> ?PR?LEDREFRESH?LED

?PR?_SYSALARMHANDLE?SYS                          -----    -----      0550H    0003H
  +--> ?PR?OPENSIREN?TONE
  +--> ?PR?_LEDALARMINDICATE?LED
  +--> ?PR?_SYSALARMINFOR?SYS
  +--> ?PR?_SAVEALARMLOG?HISTORYLOG

?PR?OPENSIREN?TONE                               -----    -----      -----    -----
  +--> ?CO?TONE
  +--> ?PR?_SYSPRINTF?UART
  +--> ?PR?PWMON?TONE

?PR?PWMON?TONE                                   -----    -----      -----    -----
  +--> ?PR?_LM386SET?TONE
  +--> ?CO?TONE
  +--> ?PR?SIRENISR?TONE

?PR?SIRENISR?TONE                                -----    -----      -----    -----
  +--> ?CO?TONE

?PR?_LEDALARMINDICATE?LED                        -----    -----      -----    -----
  +--> ?PR?_LEDBLINKSET?LED

?PR?_SYSALARMINFOR?SYS                           -----    -----      0553H    0006H
  +--> ?CO?SYS
  +--> ?PR?_SYSPRINTF?UART
  +--> ?PR?_ALARMINFORPUSH?SYS

?PR?_SAVEALARMLOG?HISTORYLOG                     -----    -----      0553H    000AH
  +--> ?PR?_EE_READ_DATA?EEPROM
  +--> ?PR?_EE_WRITESECTOR?EEPROM
  +--> ?PR?SYSPARAMTOEEPROM?EEPROM

?PR?_SYSTEMSEVER?SYS                             -----    -----      054DH    0003H
  +--> ?PR?_KEYPADHANDLER?KEY
  +--> ?PR?_UARTRECEIVEHANDLER?UART
  +--> ?PR?RFRECEIVEHANDLER?RF_REMOTE
  +--> ?PR?_PLAYPROMPTTONE?TONE
  +--> ?PR?PLAYDOORBELLTIMEOUT?TONE
  +--> ?PR?_SYSALARMHANDLE?SYS
  +--> ?PR?CLOSESIREN?TONE
  +--> ?PR?SYSMINUTEEVENTHANDLE?SYS
  +--> ?PR?POWERACSWITCHHANDLE?POWER
  +--> ?PR?_SYSDELAYARMBEEPTONE?SYS
  +--> ?PR?_SYSPLAYBEEPTONE?SYS
  +--> ?PR?SYSPOWEROFF?SYS
BL51 BANKED LINKER/LOCATER V6.22                                                      11/07/2015  14:53:14  PAGE 14


  +--> ?PR?WIFIPOWERON?WIFI
  +--> ?PR?WIFISENDDEVICEINFOR?WIFI
  +--> ?PR?WIFISTARTUPRESET?WIFI
  +--> ?PR?WIFIRESET?WIFI
  +--> ?PR?WIFICONFIG?WIFI
  +--> ?PR?WIFIENTRYSETCONNECTAP?WIFI
  +--> ?PR?WIFIEXITSETCONNECTAP?WIFI
  +--> ?PR?WIFISETCONNECTAPSUCCESS?WIFI
  +--> ?PR?WIFISETCMSADR?WIFI
  +--> ?PR?WIFIRECEIVEDATAHANDLE?WIFI
  +--> ?PR?WIFIDISCONNECT?WIFI
  +--> ?PR?WIFICONNECTED?WIFI
  +--> ?PR?WIFIGETIP?WIFI
  +--> ?PR?WIFIAPSTATIONDISCONNECTED?WIFI
  +--> ?PR?WIFIAPSTATIONCONNECTED?WIFI
  +--> ?PR?WIFILOSTCONNECTPLATFORM?WIFI
  +--> ?PR?WIFICONNECTPLATFORM?WIFI
  +--> ?PR?WIFICHECKPLATFORMCONNECT?WIFI
  +--> ?PR?WIFIUPLOADEVENTTOPLATFORM?WIFI
  +--> ?PR?WIFITCPRECONNECT?WIFI
  +--> ?PR?WIFIDEFAULT?WIFI

?PR?_KEYPADHANDLER?KEY                           -----    -----      -----    -----
  +--> ?PR?_HOSTMSGPOST?SYS
  +--> ?PR?_BEEPTONE?TONE
  +--> ?CO?KEY
  +--> ?PR?_SYSPRINTF?UART
  +--> ?PR?EE_DATA_DEFAULT?EEPROM

?PR?_BEEPTONE?TONE                               -----    -----      0564H    0001H
  +--> ?CO?TONE
  +--> ?PR?_SYSPRINTF?UART

?PR?EE_DATA_DEFAULT?EEPROM                       -----    -----      0550H    0001H
  +--> ?CO?EEPROM
  +--> ?PR?_SYSPRINTF?UART
  +--> ?PR?_OSSEMPEND?OS_SEM
  +--> ?PR?_IAPERASESECTOR?EEPROM
  +--> ?PR?_DELAYNOP?SYS
  +--> ?PR?_OSSEMPOST?OS_SEM
  +--> ?PR?SYSPARAMLOADDEFAULT?EEPROM
  +--> ?PR?_EE_WRITESECTOR?EEPROM

?PR?_UARTRECEIVEHANDLER?UART                     -----    -----      0550H    0003H
  +--> ?CO?UART
  +--> ?PR?_SYSPRINTF?UART
  +--> ?PR?UARTFROMPC?UART
  +--> ?PR?WIFIRECEIVEDATAHANDLE?WIFI

?PR?UARTFROMPC?UART                              -----    -----      0553H    0003H
  +--> ?PR?_CLEARUARTBUFFER?UART

?PR?WIFIRECEIVEDATAHANDLE?WIFI                   -----    -----      0553H    0004H
  +--> ?CO?WIFI
  +--> ?PR?_SYSPRINTF?UART
  +--> ?PR?_STRSTR?STRSTR
  +--> ?PR?_STRLEN?STRLEN
BL51 BANKED LINKER/LOCATER V6.22                                                      11/07/2015  14:53:14  PAGE 15


  +--> ?PR?_WIFIACCEPTOKHADLE?WIFI
  +--> ?PR?_HOSTMSGPOST?SYS
  +--> ?PR?_MATCHDEVICEID?WIFI
  +--> ?PR?_APPSEARCHHOST?WIFI
  +--> ?PR?_WIFIAPPDATAPARSEHANDLE?WIFI
  +--> ?PR?_WIFIMODULEDATAPARSEHANDLE?WIFI

?PR?_STRSTR?STRSTR                               -----    -----      0571H    000CH

?PR?_WIFIACCEPTOKHADLE?WIFI                      -----    -----      0557H    0003H
  +--> ?PR?_BEEPTONE?TONE
  +--> ?PR?_HOSTMSGPOST?SYS
  +--> ?PR?_UPDATETIMEFROMPLATFORM?WIFI

?PR?_UPDATETIMEFROMPLATFORM?WIFI                 -----    -----      055AH    0006H

?PR?_MATCHDEVICEID?WIFI                          -----    -----      0557H    0005H
  +--> ?CO?WIFI
  +--> ?PR?_STRSTR?STRSTR
  +--> ?PR?_STRLEN?STRLEN
  +--> ?PR?_ASCSTRTOBYTE?SYS

?PR?_ASCSTRTOBYTE?SYS                            -----    -----      0567H    0003H
  +--> ?PR?_ASCTOHEX?SYS

?PR?_APPSEARCHHOST?WIFI                          -----    -----      055EH    0003H
  +--> ?CO?WIFI
  +--> ?PR?_WIFIPRINTF?WIFI
  +--> ?PR?_APPHOSTFIXRESPOND?WIFI

?PR?_WIFIPRINTF?WIFI                             -----    -----      0571H    002EH
  +--> ?CO?WIFI
  +--> ?PR?_USARTPRINT?UART

?PR?_APPHOSTFIXRESPOND?WIFI                      -----    -----      0569H    0008H
  +--> ?CO?WIFI
  +--> ?PR?_WIFIPRINTF?WIFI
  +--> ?PR?_STRSTR?STRSTR
  +--> ?PR?_STRLEN?STRLEN
  +--> ?PR?_WIFIGETDATAFIELDLEN?WIFI

?PR?_WIFIAPPDATAPARSEHANDLE?WIFI                 -----    -----      0557H    0007H
  +--> ?CO?WIFI
  +--> ?PR?_STRSTR?STRSTR
  +--> ?PR?_APPSEARCHHOST?WIFI
  +--> ?PR?_APPLOGINHOST?WIFI
  +--> ?PR?_APPINQUERYSETSYSSETTING?WIFI
  +--> ?PR?_APPINQUERYSETALARMHOST?WIFI
  +--> ?PR?_APPINQUERYSETPHONENUMBER?WIFI
  +--> ?PR?_APPINQUERYSETPASSWORD?WIFI
  +--> ?PR?_APPINQUERYSETSYSSTATUS?WIFI
  +--> ?PR?_APPINQUERYSETRFACCESSORY?WIFI
  +--> ?PR?_APPSETREMOTECONTRL?WIFI
  +--> ?PR?_APPREGISTERREMOTECONTRL?WIFI
  +--> ?PR?_APPUNREGISTERREMOTECONTRL?WIFI
  +--> ?PR?_APPSETZONE?WIFI
  +--> ?PR?_APPREGISTERZONE?WIFI
BL51 BANKED LINKER/LOCATER V6.22                                                      11/07/2015  14:53:14  PAGE 16


  +--> ?PR?_APPUNREGISTERZONE?WIFI
  +--> ?PR?_APPSETDOORBELL?WIFI
  +--> ?PR?_APPREGISTERDOORBELL?WIFI
  +--> ?PR?_APPUNREGISTERDOORBELL?WIFI
  +--> ?PR?_APPENTRYREGISTERSTATUS?WIFI

?PR?_APPLOGINHOST?WIFI                           -----    -----      055EH    0006H
  +--> ?CO?WIFI
  +--> ?PR?_WIFIPRINTF?WIFI
  +--> ?PR?_STRSTR?STRSTR
  +--> ?PR?_STRLEN?STRLEN
  +--> ?PR?_APPHOSTFIXRESPOND?WIFI

?PR?_APPINQUERYSETSYSSETTING?WIFI                -----    -----      055EH    0007H
  +--> ?CO?WIFI
  +--> ?PR?_WIFIPRINTF?WIFI
  +--> ?PR?_APPHOSTFIXRESPOND?WIFI
  +--> ?PR?_STRSTR?STRSTR
  +--> ?PR?_STRLEN?STRLEN
  +--> ?PR?_WIFIGETDATAFIELDLEN?WIFI
  +--> ?PR?SYSPARAMTOEEPROM?EEPROM

?PR?_APPINQUERYSETALARMHOST?WIFI                 -----    -----      055EH    0007H
  +--> ?CO?WIFI
  +--> ?PR?_WIFIPRINTF?WIFI
  +--> ?PR?_APPHOSTFIXRESPOND?WIFI
  +--> ?PR?_STRSTR?STRSTR
  +--> ?PR?_STRLEN?STRLEN
  +--> ?PR?_WIFIGETDATAFIELDLEN?WIFI
  +--> ?PR?_ASCSTRTOBYTE?SYS
  +--> ?PR?SYSPARAMTOEEPROM?EEPROM
  +--> ?PR?_HOSTMSGPOST?SYS

?PR?_APPINQUERYSETPHONENUMBER?WIFI               -----    -----      055EH    0006H
  +--> ?CO?WIFI
  +--> ?PR?_WIFIPRINTF?WIFI
  +--> ?PR?_APPHOSTFIXRESPOND?WIFI
  +--> ?PR?_STRSTR?STRSTR

?PR?_APPINQUERYSETPASSWORD?WIFI                  -----    -----      055EH    0006H
  +--> ?CO?WIFI
  +--> ?PR?_WIFIPRINTF?WIFI
  +--> ?PR?_STRSTR?STRSTR
  +--> ?PR?_STRLEN?STRLEN
  +--> ?PR?_APPHOSTFIXRESPOND?WIFI
  +--> ?PR?SYSPARAMTOEEPROM?EEPROM

?PR?_APPINQUERYSETSYSSTATUS?WIFI                 -----    -----      055EH    0006H
  +--> ?CO?WIFI
  +--> ?PR?_WIFIPRINTF?WIFI
  +--> ?PR?_APPHOSTFIXRESPOND?WIFI
  +--> ?PR?_STRSTR?STRSTR
  +--> ?PR?_STRLEN?STRLEN
  +--> ?PR?CLOSESIREN?TONE
  +--> ?PR?_BEEPTONE?TONE
  +--> ?PR?_SYSPRINTF?UART
  +--> ?PR?_HOSTMSGPOST?SYS
BL51 BANKED LINKER/LOCATER V6.22                                                      11/07/2015  14:53:14  PAGE 17



?PR?CLOSESIREN?TONE                              -----    -----      -----    -----
  +--> ?CO?TONE
  +--> ?PR?_SYSPRINTF?UART
  +--> ?PR?LEDCLOSEZONEBLINK?LED
  +--> ?PR?LEDREFRESH?LED
  +--> ?PR?PWMOFF?TONE

?PR?LEDCLOSEZONEBLINK?LED                        -----    -----      -----    -----
  +--> ?PR?_LEDBLINKSET?LED
  +--> ?PR?LEDSYSSTATUSINDICATE?LED

?PR?_APPINQUERYSETRFACCESSORY?WIFI               -----    -----      055EH    000BH
  +--> ?CO?WIFI
  +--> ?PR?_WIFIPRINTF?WIFI
  +--> ?PR?_APPHOSTFIXRESPOND?WIFI
  +--> ?PR?_STRSTR?STRSTR
  +--> ?PR?_STRLEN?STRLEN
  +--> ?PR?_EE_READ_DATA?EEPROM

?PR?_APPSETREMOTECONTRL?WIFI                     -----    -----      055EH    0009H
  +--> ?CO?WIFI
  +--> ?PR?_WIFIPRINTF?WIFI
  +--> ?PR?_STRSTR?STRSTR
  +--> ?PR?_STRLEN?STRLEN
  +--> ?PR?_ASCSTRTOBYTE?SYS
  +--> ?PR?_RFSEARCHMATCHCODE?RF_REMOTE
  +--> ?PR?_WIFIGETUNICODEFIELDLEN?WIFI
  +--> ?PR?_EE_WRITE_SECTOR?EEPROM
  +--> ?PR?_APPHOSTFIXRESPOND?WIFI

?PR?_RFSEARCHMATCHCODE?RF_REMOTE                 -----    -----      0567H    0009H
  +--> ?CO?RF_REMOTE
  +--> ?PR?_SYSPRINTF?UART
  +--> ?PR?_EE_READ_DATA?EEPROM

?PR?_EE_WRITE_SECTOR?EEPROM                      -----    -----      056BH    0010H
  +--> ?PR?_OSSEMPEND?OS_SEM
  +--> ?PR?_IAPERASESECTOR?EEPROM
  +--> ?PR?_IAPPROGRAMBYTE?EEPROM
  +--> ?PR?_IAPREADBYTE?EEPROM
  +--> ?PR?IAPIDLE?EEPROM
  +--> ?PR?_OSSEMPOST?OS_SEM

?PR?_APPREGISTERREMOTECONTRL?WIFI                -----    -----      055EH    0008H
  +--> ?CO?WIFI
  +--> ?PR?_WIFIPRINTF?WIFI
  +--> ?PR?_STRSTR?STRSTR
  +--> ?PR?_STRLEN?STRLEN
  +--> ?PR?_ASCSTRTOBYTE?SYS
  +--> ?PR?_RFSEARCHMATCHCODE?RF_REMOTE
  +--> ?PR?_GETRFTYPE?RF_REMOTE
  +--> ?PR?_WIFIGETUNICODEFIELDLEN?WIFI
  +--> ?PR?_EE_WRITE_SECTOR?EEPROM
  +--> ?PR?_ADDRFADRITEM?RF_REMOTE
  +--> ?PR?SYSPARAMTOEEPROM?EEPROM
  +--> ?PR?_APPHOSTFIXRESPOND?WIFI
BL51 BANKED LINKER/LOCATER V6.22                                                      11/07/2015  14:53:14  PAGE 18



?PR?_ADDRFADRITEM?RF_REMOTE                      -----    -----      0566H    0002H
  +--> ?CO?RF_REMOTE
  +--> ?PR?_SYSPRINTF?UART
  +--> ?PR?_EE_READ_DATA?EEPROM
  +--> ?PR?_DELAYNOP?SYS
  +--> ?PR?_EE_WRITESECTOR?EEPROM
  +--> ?PR?SYSPARAMTOEEPROM?EEPROM

?PR?_APPUNREGISTERREMOTECONTRL?WIFI              -----    -----      055EH    0007H
  +--> ?CO?WIFI
  +--> ?PR?_WIFIPRINTF?WIFI
  +--> ?PR?_STRSTR?STRSTR
  +--> ?PR?_STRLEN?STRLEN
  +--> ?PR?_ASCSTRTOBYTE?SYS
  +--> ?PR?_RFSEARCHMATCHCODE?RF_REMOTE
  +--> ?PR?_DELETERFADRITEM?RF_REMOTE
  +--> ?PR?_EE_READ_DATA?EEPROM
  +--> ?PR?_DELAYNOP?SYS
  +--> ?PR?_EE_WRITE_SECTOR?EEPROM
  +--> ?PR?SYSPARAMTOEEPROM?EEPROM
  +--> ?PR?_APPHOSTFIXRESPOND?WIFI

?PR?_DELETERFADRITEM?RF_REMOTE                   -----    -----      0565H    0006H
  +--> ?CO?RF_REMOTE
  +--> ?PR?_SYSPRINTF?UART
  +--> ?PR?_EE_READ_DATA?EEPROM
  +--> ?PR?_DELAYNOP?SYS
  +--> ?PR?_EE_WRITE_SECTOR?EEPROM
  +--> ?PR?SYSPARAMTOEEPROM?EEPROM

?PR?_APPSETZONE?WIFI                             -----    -----      055EH    0009H
  +--> ?CO?WIFI
  +--> ?PR?_WIFIPRINTF?WIFI
  +--> ?PR?_STRSTR?STRSTR
  +--> ?PR?_STRLEN?STRLEN
  +--> ?PR?_ASCSTRTOBYTE?SYS
  +--> ?PR?_RFSEARCHMATCHCODE?RF_REMOTE
  +--> ?PR?_WIFIGETUNICODEFIELDLEN?WIFI
  +--> ?PR?_GETZONENAMEADR?RF_REMOTE
  +--> ?PR?_EE_WRITE_SECTOR?EEPROM
  +--> ?PR?_APPHOSTFIXRESPOND?WIFI

?PR?_APPREGISTERZONE?WIFI                        -----    -----      055EH    0008H
  +--> ?CO?WIFI
  +--> ?PR?_WIFIPRINTF?WIFI
  +--> ?PR?_STRSTR?STRSTR
  +--> ?PR?_STRLEN?STRLEN
  +--> ?PR?_ASCSTRTOBYTE?SYS
  +--> ?PR?_RFSEARCHMATCHCODE?RF_REMOTE
  +--> ?PR?_GETRFTYPE?RF_REMOTE
  +--> ?PR?_WIFIGETUNICODEFIELDLEN?WIFI
  +--> ?PR?_GETZONENAMEADR?RF_REMOTE
  +--> ?PR?_EE_WRITE_SECTOR?EEPROM
  +--> ?PR?_ADDRFADRITEM?RF_REMOTE
  +--> ?PR?SYSPARAMTOEEPROM?EEPROM
  +--> ?PR?_APPHOSTFIXRESPOND?WIFI
BL51 BANKED LINKER/LOCATER V6.22                                                      11/07/2015  14:53:14  PAGE 19



?PR?_APPUNREGISTERZONE?WIFI                      -----    -----      055EH    0007H
  +--> ?CO?WIFI
  +--> ?PR?_WIFIPRINTF?WIFI
  +--> ?PR?_STRSTR?STRSTR
  +--> ?PR?_STRLEN?STRLEN
  +--> ?PR?_ASCSTRTOBYTE?SYS
  +--> ?PR?_RFSEARCHMATCHCODE?RF_REMOTE
  +--> ?PR?_DELETERFADRITEM?RF_REMOTE
  +--> ?PR?_EE_READ_DATA?EEPROM
  +--> ?PR?_DELAYNOP?SYS
  +--> ?PR?_EE_WRITE_SECTOR?EEPROM
  +--> ?PR?SYSPARAMTOEEPROM?EEPROM
  +--> ?PR?_APPHOSTFIXRESPOND?WIFI

?PR?_APPSETDOORBELL?WIFI                         -----    -----      055EH    0009H
  +--> ?CO?WIFI
  +--> ?PR?_WIFIPRINTF?WIFI
  +--> ?PR?_STRSTR?STRSTR
  +--> ?PR?_STRLEN?STRLEN
  +--> ?PR?_ASCSTRTOBYTE?SYS
  +--> ?PR?_RFSEARCHMATCHCODE?RF_REMOTE
  +--> ?PR?_WIFIGETUNICODEFIELDLEN?WIFI
  +--> ?PR?_EE_WRITE_SECTOR?EEPROM
  +--> ?PR?_APPHOSTFIXRESPOND?WIFI

?PR?_APPREGISTERDOORBELL?WIFI                    -----    -----      055EH    0008H
  +--> ?CO?WIFI
  +--> ?PR?_WIFIPRINTF?WIFI
  +--> ?PR?_STRSTR?STRSTR
  +--> ?PR?_STRLEN?STRLEN
  +--> ?PR?_ASCSTRTOBYTE?SYS
  +--> ?PR?_RFSEARCHMATCHCODE?RF_REMOTE
  +--> ?PR?_GETRFTYPE?RF_REMOTE
  +--> ?PR?_WIFIGETUNICODEFIELDLEN?WIFI
  +--> ?PR?_EE_WRITE_SECTOR?EEPROM
  +--> ?PR?_ADDRFADRITEM?RF_REMOTE
  +--> ?PR?SYSPARAMTOEEPROM?EEPROM
  +--> ?PR?_APPHOSTFIXRESPOND?WIFI

?PR?_APPUNREGISTERDOORBELL?WIFI                  -----    -----      055EH    0007H
  +--> ?CO?WIFI
  +--> ?PR?_WIFIPRINTF?WIFI
  +--> ?PR?_STRSTR?STRSTR
  +--> ?PR?_STRLEN?STRLEN
  +--> ?PR?_ASCSTRTOBYTE?SYS
  +--> ?PR?_RFSEARCHMATCHCODE?RF_REMOTE
  +--> ?PR?_DELETERFADRITEM?RF_REMOTE
  +--> ?PR?_EE_READ_DATA?EEPROM
  +--> ?PR?_DELAYNOP?SYS
  +--> ?PR?_EE_WRITE_SECTOR?EEPROM
  +--> ?PR?SYSPARAMTOEEPROM?EEPROM
  +--> ?PR?_APPHOSTFIXRESPOND?WIFI

?PR?_APPENTRYREGISTERSTATUS?WIFI                 -----    -----      055EH    0004H
  +--> ?PR?_BEEPTONE?TONE
  +--> ?PR?_HOSTMSGPOST?SYS
BL51 BANKED LINKER/LOCATER V6.22                                                      11/07/2015  14:53:14  PAGE 20


  +--> ?CO?WIFI
  +--> ?PR?_WIFIPRINTF?WIFI
  +--> ?PR?_APPHOSTFIXRESPOND?WIFI

?PR?_WIFIMODULEDATAPARSEHANDLE?WIFI              -----    -----      0557H    0006H
  +--> ?CO?WIFI
  +--> ?PR?_STRSTR?STRSTR
  +--> ?PR?_STRLEN?STRLEN
  +--> ?PR?_RESPONDDEVICEINFORCHECK?WIFI
  +--> ?PR?_HOSTMSGPOST?SYS
  +--> ?PR?_WIFICHECKCONNECTPLATFORMRESPOND?...
  +--> ?PR?EXESETCONNECTAPFROMMODULE?WIFI
  +--> ?PR?RESPONDENTRYSETCONNECTAP?WIFI
  +--> ?PR?EXITSETCONNECTAPFROMMODULE?WIFI
  +--> ?PR?WIFITCPSENDSUCCESS?WIFI

?PR?_RESPONDDEVICEINFORCHECK?WIFI                -----    -----      055DH    0005H
  +--> ?PR?_ASCSTRTOBYTE?SYS
  +--> ?CO?WIFI
  +--> ?PR?_SYSPRINTF?UART

?PR?_WIFICHECKCONNECTPLATFORMRESPOND?...         -----    -----      -----    -----
  +--> ?CO?WIFI
  +--> ?PR?_SYSPRINTF?UART
  +--> ?PR?_HOSTMSGPOST?SYS

?PR?EXESETCONNECTAPFROMMODULE?WIFI               -----    -----      -----    -----
  +--> ?CO?WIFI
  +--> ?PR?_SYSPRINTF?UART

?PR?RESPONDENTRYSETCONNECTAP?WIFI                -----    -----      -----    -----
  +--> ?PR?_LEDBLINKSET?LED
  +--> ?CO?WIFI
  +--> ?PR?_SYSPRINTF?UART

?PR?EXITSETCONNECTAPFROMMODULE?WIFI              -----    -----      -----    -----
  +--> ?CO?WIFI
  +--> ?PR?_SYSPRINTF?UART

?PR?RFRECEIVEHANDLER?RF_REMOTE                   -----    -----      -----    -----
  +--> ?CO?RF_REMOTE
  +--> ?PR?_SYSPRINTF?UART
  +--> ?PR?_GETRFTYPE?RF_REMOTE
  +--> ?PR?_RFSEARCHMATCHCODE?RF_REMOTE
  +--> ?PR?_RFCOMMANDHANDLE?RF_REMOTE

?PR?_RFCOMMANDHANDLE?RF_REMOTE                   -----    -----      0550H    0004H
  +--> ?PR?_BEEPTONE?TONE
  +--> ?PR?_HOSTMSGPOST?SYS
  +--> ?CO?RF_REMOTE
  +--> ?PR?_ALARMINFORPUSH?SYS
  +--> ?PR?_RFZONEALARM?RF_REMOTE
  +--> ?PR?_SYSPRINTF?UART

?PR?_RFZONEALARM?RF_REMOTE                       -----    -----      0554H    0004H
  +--> ?PR?_HOSTMSGPOST?SYS

BL51 BANKED LINKER/LOCATER V6.22                                                      11/07/2015  14:53:14  PAGE 21


?PR?_PLAYPROMPTTONE?TONE                         -----    -----      0550H    0002H
  +--> ?PR?_OSWAIT?OS_CORE
  +--> ?PR?_LM386SET?TONE

?PR?PLAYDOORBELLTIMEOUT?TONE                     -----    -----      -----    -----
  +--> ?CO?TONE
  +--> ?PR?_SYSPRINTF?UART
  +--> ?PR?_LM386SET?TONE

?PR?SYSMINUTEEVENTHANDLE?SYS                     -----    -----      -----    -----
  +--> ?CO?SYS
  +--> ?PR?_SYSPRINTF?UART
  +--> ?PR?AUTOARMDISARMHANDLE?SYS

?PR?AUTOARMDISARMHANDLE?SYS                      -----    -----      0550H    0002H
  +--> ?PR?_HOSTMSGPOST?SYS

?PR?POWERACSWITCHHANDLE?POWER                    -----    -----      -----    -----
  +--> ?CO?POWER
  +--> ?PR?_SYSPRINTF?UART
  +--> ?PR?_SYSTASKENABLE?SYS
  +--> ?PR?_LEDBLINKSET?LED

?PR?_SYSDELAYARMBEEPTONE?SYS                     -----    -----      0550H    0003H
  +--> ?PR?_BEEPTONE?TONE
  +--> ?PR?_CREATEMSG?SYS
  +--> ?CO?SYS
  +--> ?PR?_SETTIMEOUT?TIMER

?PR?_SYSPLAYBEEPTONE?SYS                         -----    -----      -----    -----
  +--> ?PR?_BEEPTONE?TONE

?PR?SYSPOWEROFF?SYS                              -----    -----      -----    -----
  +--> ?PR?BEEPPLAY?TONE
  +--> ?PR?_OSWAIT?OS_CORE
  +--> ?PR?CLOSESIREN?TONE
  +--> ?PR?RFDISABLE?RF_REMOTE
  +--> ?PR?WIFIDISABLE?WIFI
  +--> ?PR?LEDALLOFF?LED
  +--> ?PR?_LM386SET?TONE

?PR?WIFIPOWERON?WIFI                             -----    -----      -----    -----
  +--> ?CO?WIFI
  +--> ?PR?_SYSPRINTF?UART
  +--> ?PR?_HOSTMSGPOST?SYS

?PR?WIFISENDDEVICEINFOR?WIFI                     -----    -----      -----    -----
  +--> ?CO?WIFI
  +--> ?PR?_SYSPRINTF?UART
  +--> ?PR?_WIFIPRINTF?WIFI

?PR?WIFISTARTUPRESET?WIFI                        -----    -----      -----    -----
  +--> ?CO?WIFI
  +--> ?PR?_SYSPRINTF?UART
  +--> ?PR?WIFIENABLE?WIFI

?PR?WIFIRESET?WIFI                               -----    -----      -----    -----
BL51 BANKED LINKER/LOCATER V6.22                                                      11/07/2015  14:53:14  PAGE 22


  +--> ?CO?WIFI
  +--> ?PR?_SYSPRINTF?UART
  +--> ?PR?WIFIENABLE?WIFI

?PR?WIFICONFIG?WIFI                              -----    -----      -----    -----
  +--> ?CO?WIFI
  +--> ?PR?_WIFIPRINTF?WIFI
  +--> ?PR?_SYSPRINTF?UART

?PR?WIFIENTRYSETCONNECTAP?WIFI                   -----    -----      -----    -----
  +--> ?CO?WIFI
  +--> ?PR?_WIFIPRINTF?WIFI
  +--> ?PR?_SYSPRINTF?UART

?PR?WIFIEXITSETCONNECTAP?WIFI                    -----    -----      -----    -----
  +--> ?PR?_HOSTMSGPOST?SYS
  +--> ?CO?WIFI
  +--> ?PR?_SYSPRINTF?UART

?PR?WIFIDISCONNECT?WIFI                          -----    -----      -----    -----
  +--> ?CO?WIFI
  +--> ?PR?_SYSPRINTF?UART
  +--> ?PR?_LEDBLINKSET?LED

?PR?WIFICONNECTED?WIFI                           -----    -----      -----    -----
  +--> ?CO?WIFI
  +--> ?PR?_SYSPRINTF?UART
  +--> ?PR?_LEDBLINKSET?LED
  +--> ?PR?_LEDINDICATOR?LED

?PR?WIFIGETIP?WIFI                               -----    -----      -----    -----
  +--> ?CO?WIFI
  +--> ?PR?_SYSPRINTF?UART
  +--> ?PR?_HOSTMSGPOST?SYS

?PR?WIFILOSTCONNECTPLATFORM?WIFI                 -----    -----      -----    -----
  +--> ?CO?WIFI
  +--> ?PR?_SYSPRINTF?UART
  +--> ?PR?_LEDBLINKSET?LED
  +--> ?PR?_LEDINDICATOR?LED

?PR?WIFICONNECTPLATFORM?WIFI                     -----    -----      -----    -----
  +--> ?CO?WIFI
  +--> ?PR?_SYSPRINTF?UART
  +--> ?PR?_LEDBLINKSET?LED

?PR?WIFICHECKPLATFORMCONNECT?WIFI                -----    -----      -----    -----
  +--> ?CO?WIFI
  +--> ?PR?_WIFIPRINTF?WIFI

?PR?WIFIUPLOADEVENTTOPLATFORM?WIFI               -----    -----      0550H    000CH
  +--> ?CO?WIFI
  +--> ?PR?_STRLEN?STRLEN
  +--> ?PR?_HEXTOASC?SYS
  +--> ?CO?UART
  +--> ?PR?_ALARMINFORPOP?SYS
  +--> ?PR?_EE_READ_DATA?EEPROM
BL51 BANKED LINKER/LOCATER V6.22                                                      11/07/2015  14:53:14  PAGE 23


  +--> ?PR?_WIFIPRINTF?WIFI

?PR?_HEXTOASC?SYS                                -----    -----      055CH    0003H

?PR?WIFITCPRECONNECT?WIFI                        -----    -----      -----    -----
  +--> ?CO?WIFI
  +--> ?PR?_SYSPRINTF?UART
  +--> ?PR?_WIFIPRINTF?WIFI

?PR?WIFIDEFAULT?WIFI                             -----    -----      -----    -----
  +--> ?CO?WIFI
  +--> ?PR?_SYSPRINTF?UART
  +--> ?PR?_WIFIPRINTF?WIFI

?PR?SYSTEMHOMEARMEDSTATUS?SYS                    -----    -----      -----    -----
  +--> ?PR?SYSPARAMTOEEPROM?EEPROM
  +--> ?CO?SYS
  +--> ?PR?_TIMERUNITDEL?TIMER
  +--> ?PR?_SYSPRINTF?UART
  +--> ?PR?HOSTMSGPEND?SYS
  +--> ?PR?LEDSYSSTATUSINDICATE?LED
  +--> ?PR?_SYSALARMHANDLE?SYS
  +--> ?PR?_HOSTMSGPOST?SYS
  +--> ?PR?_SYSTEMSEVER?SYS

?PR?SYSTEMRFREGISTERSTATUS?RF_REMOTE             -----    -----      -----    -----
  +--> ?CO?RF_REMOTE
  +--> ?PR?_SYSPRINTF?UART
  +--> ?PR?_LEDINDICATOR?LED
  +--> ?PR?HOSTMSGPEND?SYS
  +--> ?PR?_RFREGISTERHANDLE?RF_REMOTE
  +--> ?PR?_HOSTMSGPOST?SYS
  +--> ?PR?_SYSTEMSEVER?SYS

?PR?_RFREGISTERHANDLE?RF_REMOTE                  -----    -----      054DH    0005H
  +--> ?CO?RF_REMOTE
  +--> ?PR?_SYSPRINTF?UART
  +--> ?PR?_GETRFTYPE?RF_REMOTE
  +--> ?PR?_RFSEARCHMATCHCODE?RF_REMOTE
  +--> ?PR?_GETRFMODE?RF_REMOTE
  +--> ?PR?_RFCODESTORE?RF_REMOTE
  +--> ?PR?_BEEPTONE?TONE

?PR?_RFCODESTORE?RF_REMOTE                       -----    -----      0552H    000AH
  +--> ?PR?_EE_WRITE_SECTOR?EEPROM
  +--> ?PR?_ADDRFADRITEM?RF_REMOTE

?PR?SYSTEMDISARMEDSTATUS?SYS                     -----    -----      -----    -----
  +--> ?PR?SYSPARAMTOEEPROM?EEPROM
  +--> ?CO?SYS
  +--> ?PR?_SYSPRINTF?UART
  +--> ?PR?HOSTMSGPEND?SYS
  +--> ?PR?LEDSYSSTATUSINDICATE?LED
  +--> ?PR?_TIMERUNITDEL?TIMER
  +--> ?PR?CLOSESIREN?TONE
  +--> ?PR?_HOSTMSGPOST?SYS
  +--> ?PR?_SYSTEMSEVER?SYS
BL51 BANKED LINKER/LOCATER V6.22                                                      11/07/2015  14:53:14  PAGE 24



?PR?TASKB?MAIN                                   -----    -----      -----    -----
  +--> ?CO?MAIN
  +--> ?PR?_SYSPRINTF?UART
  +--> ?PR?SYSRUNTASK?SYS
  +--> ?PR?_OSWAIT?OS_CORE

?PR?SYSRUNTASK?SYS                               -----    -----      054DH    0001H
  +--> ?CO?SYS

?PR?TASKC?MAIN                                   -----    -----      -----    -----
  +--> ?CO?MAIN
  +--> ?PR?_SYSPRINTF?UART
  +--> ?PR?_OSWAIT?OS_CORE

?PR?TASKD?MAIN                                   -----    -----      -----    -----
  +--> ?CO?MAIN
  +--> ?PR?_SYSPRINTF?UART
  +--> ?PR?_OSWAIT?OS_CORE

?PR?TASKE?MAIN                                   -----    -----      -----    -----
  +--> ?CO?MAIN
  +--> ?PR?_SYSPRINTF?UART
  +--> ?PR?_OSWAIT?OS_CORE

?C_INITSEG                                       -----    -----      -----    -----
  +--> ?CO?UART
  +--> ?PR?CMDINQUERY?UART
  +--> ?PR?PRINTPARAM?UART
  +--> ?PR?GPIOSTATUS?UART
  +--> ?PR?SETIP?UART
  +--> ?PR?SETMUTESTATUS?UART
  +--> ?PR?DEBUGWIFI?UART
  +--> ?PR?PRINTON?UART
  +--> ?PR?PRINTOFF?UART

?PR?CMDINQUERY?UART                              -----    -----      -----    -----
  +--> ?PR?_OSSEMPEND?OS_SEM
  +--> ?CO?UART
  +--> ?PR?_UARTSENDSTRING?UART
  +--> ?PR?_OSSEMPOST?OS_SEM

?PR?PRINTPARAM?UART                              -----    -----      054DH    0001H
  +--> ?CO?UART
  +--> ?PR?_SYSPRINTF?UART
  +--> ?PR?_EE_READ_DATA?EEPROM

?PR?GPIOSTATUS?UART                              -----    -----      -----    -----
  +--> ?CO?UART
  +--> ?PR?_SYSPRINTF?UART

?PR?SETIP?UART                                   -----    -----      -----    -----
  +--> ?PR?SYSPARAMTOEEPROM?EEPROM

?PR?SETMUTESTATUS?UART                           -----    -----      -----    -----
  +--> ?CO?UART
  +--> ?PR?_SYSPRINTF?UART
BL51 BANKED LINKER/LOCATER V6.22                                                      11/07/2015  14:53:14  PAGE 25


  +--> ?PR?SYSPARAMTOEEPROM?EEPROM

?PR?DEBUGWIFI?UART                               -----    -----      -----    -----
  +--> ?PR?_WIFIPRINTF?WIFI

?PR?PRINTON?UART                                 -----    -----      -----    -----
  +--> ?PR?SYSPARAMTOEEPROM?EEPROM
  +--> ?CO?UART
  +--> ?PR?_SYSPRINTF?UART

?PR?PRINTOFF?UART                                -----    -----      -----    -----
  +--> ?PR?SYSPARAMTOEEPROM?EEPROM
  +--> ?CO?UART
  +--> ?PR?_SYSPRINTF?UART



SYMBOL TABLE OF MODULE:  ..\out\obj\Door_bell (OS_CORE)

  VALUE           TYPE          NAME
  ----------------------------------

  -------         MODULE        OS_CORE
  C:0000H         SYMBOL        _ICE_DUMMY_
  D:0080H         PUBLIC        P0
  D:0090H         PUBLIC        P1
  D:00A0H         PUBLIC        P2
  D:00B0H         PUBLIC        P3
  D:00C0H         PUBLIC        P4
  D:00C8H         PUBLIC        P5
  B:00A8H.7       PUBLIC        EA
  C:A39AH         PUBLIC        OSSched
  D:00A8H         PUBLIC        IE
  C:A880H         PUBLIC        _OSSendSignal
  D:00B8H         PUBLIC        IP
  D:00D8H         PUBLIC        CCON
  X:063AH         PUBLIC        OSTaskRuning
  D:0098H         PUBLIC        SCON
  D:0088H         PUBLIC        TCON
  C:7D7DH         PUBLIC        _OSWait
  D:0018H         PUBLIC        Os_Enter_Sum
  C:A490H         PUBLIC        _OSIntSendSignal
  D:00F0H         PUBLIC        B
  C:9F88H         PUBLIC        OSTimeTick
  D:0019H         PUBLIC        OSTaskID
  D:00E0H         PUBLIC        ACC
  X:063BH         PUBLIC        OSWaitTick
  C:A857H         PUBLIC        OSMapTbl
  D:001AH         PUBLIC        OSNextTaskID
  C:A2B7H         PUBLIC        OSIntExit
  C:A44CH         PUBLIC        _OSClearSignal
  D:00D0H         PUBLIC        PSW
  -------         PROC          _OSINTSENDSIGNAL
  D:0007H         SYMBOL        TaskId
  C:A490H         LINE#         156
  C:A490H         LINE#         158
  C:A490H         LINE#         159
BL51 BANKED LINKER/LOCATER V6.22                                                      11/07/2015  14:53:14  PAGE 26


  C:A496H         LINE#         160
  C:A496H         LINE#         161
  C:A49AH         LINE#         163
  C:A4ABH         LINE#         174
  C:A4B0H         LINE#         175
  C:A4B0H         LINE#         176
  -------         ENDPROC       _OSINTSENDSIGNAL
  -------         PROC          _OSSENDSIGNAL
  D:0007H         SYMBOL        TaskId
  C:A880H         LINE#         196
  C:A880H         LINE#         198
  C:A880H         LINE#         199
  C:A883H         LINE#         200
  -------         ENDPROC       _OSSENDSIGNAL
  -------         PROC          _OSCLEARSIGNAL
  D:0007H         SYMBOL        TaskId
  C:A44CH         LINE#         228
  C:A44CH         LINE#         229
  C:A44CH         LINE#         230
  C:A452H         LINE#         231
  C:A452H         LINE#         232
  C:A456H         LINE#         234
  C:A468H         LINE#         245
  C:A46DH         LINE#         246
  C:A46DH         LINE#         247
  -------         ENDPROC       _OSCLEARSIGNAL
  -------         PROC          OSINTEXIT
  -------         DO            
  D:0007H         SYMBOL        temp
  -------         ENDDO         
  C:A2B7H         LINE#         279
  C:A2B7H         LINE#         281
  C:A2B7H         LINE#         284
  C:A2BBH         LINE#         295
  C:A2BEH         LINE#         298
  C:A2C3H         LINE#         299
  C:A2C6H         LINE#         300
  C:A2C6H         LINE#         301
  C:A2CAH         LINE#         302
  C:A2CAH         LINE#         303
  C:A2CAH         LINE#         304
  C:A2CAH         LINE#         305
  C:A2CEH         LINE#         306
  C:A2D5H         LINE#         307
  C:A2D8H         LINE#         336
  C:A2DDH         LINE#         337
  -------         ENDPROC       OSINTEXIT
  -------         PROC          OSSCHED
  -------         DO            
  D:0007H         SYMBOL        temp
  -------         ENDDO         
  C:A39AH         LINE#         369
  C:A39AH         LINE#         371
  C:A39AH         LINE#         374
  C:A39EH         LINE#         382
  C:A3A3H         LINE#         383
  C:A3A6H         LINE#         384
BL51 BANKED LINKER/LOCATER V6.22                                                      11/07/2015  14:53:14  PAGE 27


  C:A3A6H         LINE#         385
  C:A3AAH         LINE#         386
  C:A3AAH         LINE#         387
  C:A3AAH         LINE#         388
  C:A3AAH         LINE#         389
  C:A3AEH         LINE#         390
  C:A3B5H         LINE#         391
  C:A3B8H         LINE#         420
  C:A3BDH         LINE#         421
  -------         ENDPROC       OSSCHED
  -------         PROC          OSTIMETICK
  -------         DO            
  D:0005H         SYMBOL        i
  -------         ENDDO         
  C:9F88H         LINE#         447
  C:9F88H         LINE#         448
  C:9F88H         LINE#         451
  C:9F8AH         LINE#         452
  C:9F8AH         LINE#         453
  C:9F97H         LINE#         454
  C:9F97H         LINE#         455
  C:9FA4H         LINE#         456
  C:9FB1H         LINE#         457
  C:9FB1H         LINE#         458
  C:9FB6H         LINE#         459
  C:9FB6H         LINE#         460
  C:9FB6H         LINE#         461
  C:9FBBH         LINE#         462
  -------         ENDPROC       OSTIMETICK
  -------         PROC          _OSWAIT
  D:0007H         SYMBOL        typ
  D:0005H         SYMBOL        ticks
  C:7D7DH         LINE#         499
  C:7D7DH         LINE#         501
  C:7D7DH         LINE#         502
  C:7D8AH         LINE#         504
  C:7D99H         LINE#         505
  C:7D99H         LINE#         506
  C:7D99H         LINE#         507
  C:7DA6H         LINE#         508
  C:7DABH         LINE#         509
  C:7DAEH         LINE#         510
  C:7DB1H         LINE#         511
  C:7DB1H         LINE#         512
  C:7DB5H         LINE#         513
  C:7DC3H         LINE#         514
  C:7DC3H         LINE#         515
  C:7DC8H         LINE#         516
  C:7DCBH         LINE#         517
  C:7DCDH         LINE#         518
  C:7DD2H         LINE#         519
  C:7DD5H         LINE#         520
  C:7DD5H         LINE#         522
  C:7DD9H         LINE#         523
  C:7DE7H         LINE#         524
  C:7DE7H         LINE#         525
  C:7DEAH         LINE#         526
BL51 BANKED LINKER/LOCATER V6.22                                                      11/07/2015  14:53:14  PAGE 28


  C:7DEAH         LINE#         527
  C:7DEFH         LINE#         528
  C:7DF4H         LINE#         529
  C:7DF7H         LINE#         530
  C:7E05H         LINE#         531
  C:7E05H         LINE#         532
  C:7E12H         LINE#         533
  C:7E15H         LINE#         534
  C:7E15H         LINE#         535
  C:7E18H         LINE#         536
  C:7E18H         LINE#         537
  C:7E25H         LINE#         538
  C:7E27H         LINE#         539
  C:7E27H         LINE#         540
  -------         ENDPROC       _OSWAIT
  -------         ENDMOD        OS_CORE

  -------         MODULE        OS_Q
  C:0000H         SYMBOL        _ICE_DUMMY_
  D:0080H         PUBLIC        P0
  D:0090H         PUBLIC        P1
  D:00A0H         PUBLIC        P2
  D:00B0H         PUBLIC        P3
  D:00C0H         PUBLIC        P4
  D:00C8H         PUBLIC        P5
  D:00A8H         PUBLIC        IE
  D:00B8H         PUBLIC        IP
  D:00D8H         PUBLIC        CCON
  D:0098H         PUBLIC        SCON
  D:0088H         PUBLIC        TCON
  D:00F0H         PUBLIC        B
  D:00E0H         PUBLIC        ACC
  D:00D0H         PUBLIC        PSW
  -------         ENDMOD        OS_Q

  -------         MODULE        OS_SEM
  C:0000H         SYMBOL        _ICE_DUMMY_
  D:0080H         PUBLIC        P0
  D:0090H         PUBLIC        P1
  D:00A0H         PUBLIC        P2
  D:00B0H         PUBLIC        P3
  D:00C0H         PUBLIC        P4
  D:00C8H         PUBLIC        P5
  B:00A8H.7       PUBLIC        EA
  I:0021H         PUBLIC        OsSemBuf
  D:00A8H         PUBLIC        IE
  D:00B8H         PUBLIC        IP
  C:9AD2H         PUBLIC        _OSSemIntPost
  C:A209H         PUBLIC        _OSSemCreate
  D:0081H         PUBLIC        SP
  D:00D8H         PUBLIC        CCON
  D:0098H         PUBLIC        SCON
  D:0088H         PUBLIC        TCON
  D:00F0H         PUBLIC        B
  D:00E0H         PUBLIC        ACC
  C:897CH         PUBLIC        _OSSemPend
  C:A78EH         PUBLIC        _OSSemPost
BL51 BANKED LINKER/LOCATER V6.22                                                      11/07/2015  14:53:14  PAGE 29


  D:00D0H         PUBLIC        PSW
  -------         PROC          _OSSEMCREATE
  D:0007H         SYMBOL        Index
  D:0005H         SYMBOL        Data
  C:A209H         LINE#         82
  C:A209H         LINE#         83
  C:A209H         LINE#         84
  C:A20DH         LINE#         85
  C:A213H         LINE#         86
  C:A213H         LINE#         88
  C:A21DH         LINE#         89
  C:A225H         LINE#         96
  C:A22AH         LINE#         97
  C:A22DH         LINE#         98
  C:A22DH         LINE#         99
  C:A232H         LINE#         100
  C:A234H         LINE#         101
  -------         ENDPROC       _OSSEMCREATE
  -------         PROC          _OSSEMPEND
  D:0007H         SYMBOL        Index
  D:0005H         SYMBOL        Tick
  C:897CH         LINE#         136
  C:897CH         LINE#         137
  C:897CH         LINE#         145
  C:8980H         LINE#         147
  C:898DH         LINE#         151
  C:899BH         LINE#         164
  C:89A4H         LINE#         165
  C:89A4H         LINE#         172
  C:89A6H         LINE#         173
  C:89ACH         LINE#         176
  C:89B1H         LINE#         177
  C:89B4H         LINE#         180
  C:89BAH         LINE#         181
  C:89BCH         LINE#         184
  C:89CAH         LINE#         185
  C:89CAH         LINE#         186
  C:89CAH         LINE#         187
  C:89CAH         LINE#         192
  C:89D9H         LINE#         205
  C:89E5H         LINE#         206
  C:89E5H         LINE#         207
  C:89E6H         LINE#         213
  C:89EBH         LINE#         214
  C:89EEH         LINE#         215
  C:89EEH         LINE#         217
  C:89EEH         LINE#         219
  C:89F3H         LINE#         220
  C:89F5H         LINE#         221
  C:89F5H         LINE#         222
  -------         ENDPROC       _OSSEMPEND
  -------         PROC          _OSSEMINTPOST
  D:0007H         SYMBOL        Index
  -------         DO            
  D:0006H         SYMBOL        temp
  D:0005H         SYMBOL        i
  -------         ENDDO         
BL51 BANKED LINKER/LOCATER V6.22                                                      11/07/2015  14:53:14  PAGE 30


  C:9AD2H         LINE#         306
  C:9AD2H         LINE#         307
  C:9AD2H         LINE#         317
  C:9AD6H         LINE#         321
  C:9AE2H         LINE#         322
  C:9AE2H         LINE#         323
  C:9AE3H         LINE#         324
  C:9AE3H         LINE#         326
  C:9AEBH         LINE#         327
  C:9AEDH         LINE#         328
  C:9AEDH         LINE#         329
  C:9AF1H         LINE#         330
  C:9AF1H         LINE#         331
  C:9AF1H         LINE#         332
  C:9AF1H         LINE#         333
  C:9AF5H         LINE#         334
  C:9AFAH         LINE#         336
  C:9B00H         LINE#         337
  C:9B00H         LINE#         338
  C:9B0EH         LINE#         339
  C:9B13H         LINE#         340
  C:9B13H         LINE#         383
  C:9B18H         LINE#         384
  C:9B1AH         LINE#         385
  -------         ENDPROC       _OSSEMINTPOST
  -------         PROC          _OSSEMPOST
  D:0007H         SYMBOL        Index
  C:A78EH         LINE#         405
  C:A78EH         LINE#         406
  C:A78EH         LINE#         407
  C:A794H         LINE#         408
  C:A794H         LINE#         409
  C:A797H         LINE#         410
  C:A79AH         LINE#         411
  C:A79AH         LINE#         413
  C:A79AH         LINE#         414
  C:A79CH         LINE#         415
  C:A79CH         LINE#         416
  -------         ENDPROC       _OSSEMPOST
  -------         ENDMOD        OS_SEM

  -------         MODULE        OS_CPU_C
  C:0000H         SYMBOL        _ICE_DUMMY_
  D:0080H         PUBLIC        P0
  D:0090H         PUBLIC        P1
  D:00A0H         PUBLIC        P2
  D:00B0H         PUBLIC        P3
  D:00C0H         PUBLIC        P4
  D:00C8H         PUBLIC        P5
  B:00A8H.7       PUBLIC        EA
  D:00A8H         PUBLIC        IE
  D:00B8H         PUBLIC        IP
  C:9D03H         PUBLIC        OSTickISR
  C:0021H         PUBLIC        OSIdle
  D:0081H         PUBLIC        SP
  D:00D8H         PUBLIC        CCON
  D:0010H         PUBLIC        OSTsakStackBotton
BL51 BANKED LINKER/LOCATER V6.22                                                      11/07/2015  14:53:14  PAGE 31


  C:8783H         PUBLIC        OSStart
  D:0098H         PUBLIC        SCON
  D:0088H         PUBLIC        TCON
  D:00F0H         PUBLIC        B
  D:00E0H         PUBLIC        ACC
  D:0017H         PUBLIC        OSFastSwap
  C:A79DH         PUBLIC        TaskFuction
  D:00D0H         PUBLIC        PSW
  -------         PROC          OSIDLE
  C:0021H         LINE#         171
  C:0021H         LINE#         172
  C:0021H         LINE#         173
  C:0021H         LINE#         174
  C:0021H         LINE#         176
  -------         ENDPROC       OSIDLE
  -------         PROC          OSSTART
  -------         DO            
  D:0005H         SYMBOL        cp
  D:0004H         SYMBOL        i
  -------         ENDDO         
  C:8783H         LINE#         200
  C:8783H         LINE#         202
  C:8783H         LINE#         206
  C:8787H         LINE#         208
  C:8789H         LINE#         209
  C:878CH         LINE#         212
  C:879EH         LINE#         213
  C:87A0H         LINE#         214
  C:87A3H         LINE#         217
  C:87A5H         LINE#         218
  C:87AAH         LINE#         219
  C:87B0H         LINE#         220
  C:87B2H         LINE#         221
  C:87B6H         LINE#         224
  C:87B8H         LINE#         225
  C:87B8H         LINE#         226
  C:87BFH         LINE#         227
  C:87D8H         LINE#         228
  C:87DEH         LINE#         229
  C:87F9H         LINE#         230
  C:87FBH         LINE#         232
  C:87FEH         LINE#         233
  C:8803H         LINE#         235
  -------         ENDPROC       OSSTART
  -------         PROC          OSTICKISR
  C:9D03H         LINE#         258
  C:9D20H         LINE#         266
  C:9D23H         LINE#         283
  C:9D26H         LINE#         288
  C:9D29H         LINE#         289
  -------         ENDPROC       OSTICKISR
  -------         ENDMOD        OS_CPU_C

  -------         MODULE        OS_CPU_A_ASM
  C:A7E5H         SEGMENT       ?PR?OSCTXSW?OS_CPU_A
  C:A152H         SEGMENT       ?PR?OSINTCTXSW?OS_CPU_A
  C:A024H         SEGMENT       ?PR?LOADCTX?OS_CPU_A
BL51 BANKED LINKER/LOCATER V6.22                                                      11/07/2015  14:53:14  PAGE 32


  C:85E1H         SEGMENT       ?PR?C_OSCTXSW?OS_CPU_C
  I:002BH         SEGMENT       ?STACK
  C:A024H         PUBLIC        LOADCTX
  C:A7E5H         PUBLIC        OSCTXSW
  C:A152H         PUBLIC        OSINTCTXSW
  I:002BH         PUBLIC        STACK
  C:8630H         SYMBOL        ?C0001
  C:8601H         SYMBOL        ?C0002
  C:8607H         SYMBOL        ?C0003
  C:8624H         SYMBOL        ?C0004
  C:862AH         SYMBOL        ?C0005
  C:8669H         SYMBOL        ?C0007
  C:863AH         SYMBOL        ?C0008
  C:8640H         SYMBOL        ?C0009
  C:866CH         SYMBOL        ?C000R
  C:865EH         SYMBOL        ?C0010
  C:8664H         SYMBOL        ?C0011
  D:00E0H         SYMBOL        ACC
  D:00F0H         SYMBOL        B
  C:85E1H         SYMBOL        C_OSCTXSW
  D:0083H         SYMBOL        DPH
  D:0082H         SYMBOL        DPL
  B:00A8H.7       SYMBOL        EA
  C:A02DH         SYMBOL        LOADCTX_0
  C:A04FH         SYMBOL        LOADCTX_2
  C:A056H         SYMBOL        LOADCTX_3
  C:A167H         SYMBOL        OSINTCTXSW_0
  N:0000H         SYMBOL        OS_CPU_A_ASM
  D:00D0H         SYMBOL        PSW
  D:0081H         SYMBOL        SP
  C:A024H         LINE#         127
  C:A026H         LINE#         129
  C:A028H         LINE#         130
  C:A02BH         LINE#         131
  C:A02DH         LINE#         133
  C:A030H         LINE#         135
  C:A031H         LINE#         136
  C:A033H         LINE#         148
  C:A035H         LINE#         150
  C:A037H         LINE#         151
  C:A039H         LINE#         152
  C:A03BH         LINE#         153
  C:A03DH         LINE#         154
  C:A03FH         LINE#         155
  C:A041H         LINE#         156
  C:A043H         LINE#         157
  C:A045H         LINE#         158
  C:A047H         LINE#         159
  C:A049H         LINE#         160
  C:A04BH         LINE#         161
  C:A04DH         LINE#         162
  C:A04FH         LINE#         165
  C:A051H         LINE#         166
  C:A054H         LINE#         167
  C:A056H         LINE#         169
  C:A7E5H         LINE#         191
  C:A7E8H         LINE#         192
BL51 BANKED LINKER/LOCATER V6.22                                                      11/07/2015  14:53:14  PAGE 33


  C:A7EAH         LINE#         194
  C:A7EBH         LINE#         195
  C:A7EDH         LINE#         196
  C:A7EFH         LINE#         211
  C:85E1H         LINE#         233
  C:85E3H         LINE#         234
  C:85E5H         LINE#         237
  C:85E7H         LINE#         243
  C:85E8H         LINE#         245
  C:85EAH         LINE#         246
  C:85ECH         LINE#         247
  C:85EDH         LINE#         248
  C:85EEH         LINE#         249
  C:85EFH         LINE#         251
  C:85F1H         LINE#         252
  C:85F3H         LINE#         253
  C:85F4H         LINE#         254
  C:85F5H         LINE#         255
  C:85F6H         LINE#         257
  C:85F8H         LINE#         258
  C:85F9H         LINE#         259
  C:85FBH         LINE#         260
  C:85FDH         LINE#         266
  C:85FEH         LINE#         267
  C:85FFH         LINE#         268
  C:8600H         LINE#         269
  C:8601H         LINE#         271
  C:8602H         LINE#         272
  C:8603H         LINE#         273
  C:8604H         LINE#         274
  C:8605H         LINE#         275
  C:8607H         LINE#         278
  C:8609H         LINE#         279
  C:860BH         LINE#         280
  C:860CH         LINE#         281
  C:860DH         LINE#         282
  C:860EH         LINE#         284
  C:860FH         LINE#         285
  C:8610H         LINE#         287
  C:8611H         LINE#         288
  C:8613H         LINE#         293
  C:8615H         LINE#         294
  C:8616H         LINE#         295
  C:8618H         LINE#         296
  C:8619H         LINE#         297
  C:861BH         LINE#         299
  C:861DH         LINE#         300
  C:861FH         LINE#         301
  C:8620H         LINE#         302
  C:8621H         LINE#         303
  C:8622H         LINE#         304
  C:8623H         LINE#         305
  C:8624H         LINE#         307
  C:8625H         LINE#         308
[...]
  C:833EH         LINE#         2157
  C:833EH         LINE#         2158
  C:8344H         LINE#         2159
  C:8349H         LINE#         2160
  C:834DH         LINE#         2161
  C:834DH         LINE#         2162
  C:834FH         LINE#         2165
  C:834FH         LINE#         2166
  C:8354H         LINE#         2167
  C:8356H         LINE#         2168
  C:8356H         LINE#         2169
  C:8358H         LINE#         2171
  C:8358H         LINE#         2173
  C:8369H         LINE#         2175
  C:8369H         LINE#         2177
  C:8369H         LINE#         2178
  C:836FH         LINE#         2179
  C:8374H         LINE#         2180
  C:8378H         LINE#         2181
  C:8378H         LINE#         2182
  C:837AH         LINE#         2185
  C:837AH         LINE#         2186
  C:837FH         LINE#         2187
  C:838AH         LINE#         2188
  C:838AH         LINE#         2189
  C:838AH         LINE#         2190
  C:838AH         LINE#         2193
  -------         ENDPROC       _WIFIACCEPTOKHADLE
  -------         PROC          _WIFIAPPDATAPARSEHANDLE
  X:0557H         SYMBOL        pBuf
  X:055AH         SYMBOL        ComMode
  -------         DO            
  X:055BH         SYMBOL        pLocate
  -------         ENDDO         
  C:2BBCH         LINE#         2201
  C:2BCCH         LINE#         2202
BL51 BANKED LINKER/LOCATER V6.22                                                      11/07/2015  14:53:14  PAGE 139


  C:2BCCH         LINE#         2207
  C:2BE8H         LINE#         2208
  C:2BF6H         LINE#         2209
  C:2BF6H         LINE#         2210
  C:2C07H         LINE#         2212
  C:2C07H         LINE#         2215
  C:2C2EH         LINE#         2216
  C:2C3CH         LINE#         2217
  C:2C3CH         LINE#         2218
  C:2C4DH         LINE#         2220
  C:2C4DH         LINE#         2223
  C:2C74H         LINE#         2224
  C:2C82H         LINE#         2225
  C:2C82H         LINE#         2226
  C:2C93H         LINE#         2228
  C:2C93H         LINE#         2231
  C:2CBAH         LINE#         2232
  C:2CC8H         LINE#         2233
  C:2CC8H         LINE#         2234
  C:2CD9H         LINE#         2236
  C:2CD9H         LINE#         2239
  C:2D00H         LINE#         2240
  C:2D0EH         LINE#         2241
  C:2D0EH         LINE#         2242
  C:2D1FH         LINE#         2244
  C:2D1FH         LINE#         2247
  C:2D46H         LINE#         2248
  C:2D54H         LINE#         2249
  C:2D54H         LINE#         2250
  C:2D65H         LINE#         2252
  C:2D65H         LINE#         2255
  C:2D8CH         LINE#         2256
  C:2D9AH         LINE#         2257
  C:2D9AH         LINE#         2258
  C:2DABH         LINE#         2260
  C:2DABH         LINE#         2271
  C:2DD2H         LINE#         2272
  C:2DE0H         LINE#         2273
  C:2DE0H         LINE#         2274
  C:2DF1H         LINE#         2276
  C:2DF1H         LINE#         2279
  C:2E18H         LINE#         2280
  C:2E26H         LINE#         2281
  C:2E26H         LINE#         2282
  C:2E37H         LINE#         2284
  C:2E37H         LINE#         2287
  C:2E5EH         LINE#         2288
  C:2E6CH         LINE#         2289
  C:2E6CH         LINE#         2290
  C:2E7DH         LINE#         2292
  C:2E7DH         LINE#         2295
  C:2EA4H         LINE#         2296
  C:2EB2H         LINE#         2297
  C:2EB2H         LINE#         2298
  C:2EC3H         LINE#         2300
  C:2EC3H         LINE#         2303
  C:2EEAH         LINE#         2304
BL51 BANKED LINKER/LOCATER V6.22                                                      11/07/2015  14:53:14  PAGE 140


  C:2EF8H         LINE#         2305
  C:2EF8H         LINE#         2306
  C:2F09H         LINE#         2308
  C:2F09H         LINE#         2311
  C:2F30H         LINE#         2312
  C:2F3EH         LINE#         2313
  C:2F3EH         LINE#         2314
  C:2F4FH         LINE#         2316
  C:2F4FH         LINE#         2319
  C:2F76H         LINE#         2320
  C:2F84H         LINE#         2321
  C:2F84H         LINE#         2322
  C:2F95H         LINE#         2324
  C:2F95H         LINE#         2327
  C:2FBCH         LINE#         2328
  C:2FCAH         LINE#         2329
  C:2FCAH         LINE#         2330
  C:2FDBH         LINE#         2332
  C:2FDBH         LINE#         2335
  C:3002H         LINE#         2336
  C:3010H         LINE#         2337
  C:3010H         LINE#         2338
  C:3021H         LINE#         2340
  C:3021H         LINE#         2343
  C:3048H         LINE#         2344
  C:3056H         LINE#         2345
  C:3056H         LINE#         2346
  C:3067H         LINE#         2348
  C:3067H         LINE#         2351
  C:308EH         LINE#         2352
  C:309CH         LINE#         2353
  C:309CH         LINE#         2354
  C:30ADH         LINE#         2356
  C:30ADH         LINE#         2358
  -------         ENDPROC       _WIFIAPPDATAPARSEHANDLE
  -------         PROC          EXITSETCONNECTAPFROMMODULE
  C:A77CH         LINE#         2360
  C:A77CH         LINE#         2361
  C:A77CH         LINE#         2362
  C:A781H         LINE#         2363
  C:A785H         LINE#         2364
  -------         ENDPROC       EXITSETCONNECTAPFROMMODULE
  -------         PROC          EXESETCONNECTAPFROMMODULE
  C:A7ACH         LINE#         2367
  C:A7ACH         LINE#         2368
  C:A7ACH         LINE#         2369
  C:A7B2H         LINE#         2370
  -------         ENDPROC       EXESETCONNECTAPFROMMODULE
  -------         PROC          RESPONDENTRYSETCONNECTAP
  C:A375H         LINE#         2373
  C:A375H         LINE#         2374
  C:A375H         LINE#         2375
  C:A37BH         LINE#         2376
  C:A381H         LINE#         2377
  C:A385H         LINE#         2378
  C:A38BH         LINE#         2379
  C:A391H         LINE#         2380
BL51 BANKED LINKER/LOCATER V6.22                                                      11/07/2015  14:53:14  PAGE 141


  -------         ENDPROC       RESPONDENTRYSETCONNECTAP
  -------         PROC          _RESPONDDEVICEINFORCHECK
  X:055DH         SYMBOL        pBuf
  -------         DO            
  X:0560H         SYMBOL        Index
  X:0561H         SYMBOL        MatchFlag
  -------         ENDDO         
  C:9092H         LINE#         2383
  C:909DH         LINE#         2384
  C:909DH         LINE#         2388
  C:90A3H         LINE#         2389
  C:90A8H         LINE#         2390
  C:90A8H         LINE#         2391
  C:90C7H         LINE#         2392
  C:90C7H         LINE#         2393
  C:90CCH         LINE#         2394
  C:90CEH         LINE#         2395
  C:90CEH         LINE#         2396
  C:90D8H         LINE#         2397
  C:90E4H         LINE#         2399
  C:90EBH         LINE#         2400
  C:90EBH         LINE#         2401
  C:90F0H         LINE#         2402
  C:90F9H         LINE#         2403
  C:90F9H         LINE#         2404
  -------         ENDPROC       _RESPONDDEVICEINFORCHECK
  -------         PROC          _WIFIMODULEDATAPARSEHANDLE
  X:0557H         SYMBOL        pBuf
  -------         DO            
  X:055AH         SYMBOL        pLocate
  -------         ENDDO         
  C:3B80H         LINE#         2406
  C:3B8BH         LINE#         2407
  C:3B8BH         LINE#         2411
  C:3BA7H         LINE#         2412
  C:3BB5H         LINE#         2413
  C:3BB5H         LINE#         2414
  C:3BBDH         LINE#         2416
  C:3BBDH         LINE#         2419
  C:3BE4H         LINE#         2420
  C:3BF2H         LINE#         2421
  C:3BF2H         LINE#         2422
  C:3C04H         LINE#         2423
  C:3C12H         LINE#         2425
  C:3C12H         LINE#         2427
  C:3C39H         LINE#         2428
  C:3C47H         LINE#         2429
  C:3C47H         LINE#         2430
  C:3C4FH         LINE#         2432
  C:3C4FH         LINE#         2434
  C:3C76H         LINE#         2435
  C:3C84H         LINE#         2436
  C:3C84H         LINE#         2437
  C:3C8CH         LINE#         2439
  C:3C8CH         LINE#         2441
  C:3CB3H         LINE#         2442
  C:3CC1H         LINE#         2443
BL51 BANKED LINKER/LOCATER V6.22                                                      11/07/2015  14:53:14  PAGE 142


  C:3CC1H         LINE#         2444
  C:3CC9H         LINE#         2446
  C:3CC9H         LINE#         2448
  C:3CF0H         LINE#         2449
  C:3CFEH         LINE#         2450
  C:3CFEH         LINE#         2451
  C:3D05H         LINE#         2453
  C:3D05H         LINE#         2455
  C:3D2CH         LINE#         2456
  C:3D3AH         LINE#         2457
  C:3D3AH         LINE#         2458
  C:3D41H         LINE#         2460
  C:3D41H         LINE#         2462
  C:3D68H         LINE#         2463
  C:3D76H         LINE#         2464
  C:3D76H         LINE#         2465
  C:3D7FH         LINE#         2467
  C:3D7FH         LINE#         2470
  C:3DA6H         LINE#         2471
  C:3DB4H         LINE#         2472
  C:3DB4H         LINE#         2474
  C:3DBEH         LINE#         2476
  C:3DBEH         LINE#         2479
  C:3DE5H         LINE#         2480
  C:3DF3H         LINE#         2481
  C:3DF3H         LINE#         2482
  C:3E05H         LINE#         2483
  C:3E13H         LINE#         2485
  C:3E13H         LINE#         2488
  C:3E3AH         LINE#         2489
  C:3E48H         LINE#         2490
  C:3E48H         LINE#         2491
  C:3E4BH         LINE#         2493
  C:3E4BH         LINE#         2496
  C:3E72H         LINE#         2497
  C:3E80H         LINE#         2498
  C:3E80H         LINE#         2499
  C:3E83H         LINE#         2501
  C:3E83H         LINE#         2504
  C:3EAAH         LINE#         2505
  C:3EB8H         LINE#         2506
  C:3EB8H         LINE#         2507
  C:3EBBH         LINE#         2509
  C:3EBBH         LINE#         2512
  C:3EE2H         LINE#         2513
  C:3EF0H         LINE#         2514
  C:3EF0H         LINE#         2515
  C:3EF3H         LINE#         2517
  C:3EF3H         LINE#         2519
  -------         ENDPROC       _WIFIMODULEDATAPARSEHANDLE
  -------         PROC          L?0647
  -------         ENDPROC       L?0647
  -------         PROC          _MATCHDEVICEID
  D:0001H         SYMBOL        pBuf
  -------         DO            
  X:0557H         SYMBOL        Index
  X:0558H         SYMBOL        RetVal
BL51 BANKED LINKER/LOCATER V6.22                                                      11/07/2015  14:53:14  PAGE 143


  D:0007H         SYMBOL        Temp
  X:0559H         SYMBOL        pLocate
  -------         ENDDO         
  C:814DH         LINE#         2521
  C:814DH         LINE#         2522
  C:814DH         LINE#         2528
  C:8152H         LINE#         2529
  C:816EH         LINE#         2530
  C:817CH         LINE#         2531
  C:817CH         LINE#         2532
  C:818EH         LINE#         2533
  C:8194H         LINE#         2534
  C:8199H         LINE#         2535
  C:8199H         LINE#         2536
  C:81A7H         LINE#         2537
  C:81B8H         LINE#         2538
  C:81B8H         LINE#         2539
  C:81BDH         LINE#         2540
  C:81BFH         LINE#         2541
  C:81BFH         LINE#         2542
  C:81C9H         LINE#         2543
  C:81D5H         LINE#         2544
  C:81D5H         LINE#         2546
  C:81DAH         LINE#         2547
  -------         ENDPROC       _MATCHDEVICEID
  -------         PROC          WIFIRECEIVEDATAHANDLE
  -------         DO            
  X:0553H         SYMBOL        RetVal
  X:0554H         SYMBOL        pLocate
  -------         ENDDO         
  C:599AH         LINE#         2549
  C:599AH         LINE#         2550
  C:599AH         LINE#         2554
  C:59B8H         LINE#         2555
  C:59C1H         LINE#         2556
  C:59C1H         LINE#         2557
  C:59C1H         LINE#         2558
  C:59C1H         LINE#         2559
  C:59C4H         LINE#         2561
  C:59C4H         LINE#         2562
  C:59EBH         LINE#         2563
  C:59FCH         LINE#         2564
  C:59FCH         LINE#         2566
  C:5A23H         LINE#         2567
  C:5A31H         LINE#         2568
  C:5A31H         LINE#         2569
  C:5A3EH         LINE#         2570
  C:5A41H         LINE#         2572
  C:5A41H         LINE#         2573
  C:5A68H         LINE#         2574
  C:5A76H         LINE#         2575
  C:5A76H         LINE#         2576
  C:5A7BH         LINE#         2577
  C:5A80H         LINE#         2578
  C:5A85H         LINE#         2579
  C:5A97H         LINE#         2580
  C:5AA5H         LINE#         2581
BL51 BANKED LINKER/LOCATER V6.22                                                      11/07/2015  14:53:14  PAGE 144


  C:5AB0H         LINE#         2582
  C:5AB0H         LINE#         2583
  C:5AB9H         LINE#         2584
  C:5AB9H         LINE#         2585
  C:5ABCH         LINE#         2587
  C:5ABCH         LINE#         2588
  C:5AC4H         LINE#         2589
  C:5ACBH         LINE#         2590
  C:5ACBH         LINE#         2591
  C:5AD8H         LINE#         2592
  C:5AD8H         LINE#         2593
  C:5AD8H         LINE#         2594
  C:5AD8H         LINE#         2595
  C:5ADBH         LINE#         2597
  C:5ADBH         LINE#         2598
  C:5B02H         LINE#         2599
  C:5B10H         LINE#         2600
  C:5B10H         LINE#         2601
  C:5B37H         LINE#         2602
  C:5B45H         LINE#         2603
  C:5B45H         LINE#         2604
  C:5B55H         LINE#         2605
  C:5B57H         LINE#         2607
  C:5B57H         LINE#         2608
  C:5B5FH         LINE#         2609
  C:5B62H         LINE#         2610
  C:5B62H         LINE#         2611
  C:5B72H         LINE#         2612
  C:5B72H         LINE#         2613
  C:5B72H         LINE#         2614
  C:5B74H         LINE#         2616
  C:5B74H         LINE#         2617
  C:5B82H         LINE#         2618
  C:5B82H         LINE#         2619
  C:5B82H         LINE#         2621
  C:5B82H         LINE#         2622
  C:5B89H         LINE#         2623
  C:5B9DH         LINE#         2624
  C:5B9DH         LINE#         2625
  C:5BA4H         LINE#         2626
  -------         ENDPROC       WIFIRECEIVEDATAHANDLE
  -------         ENDMOD        WIFI

  -------         MODULE        ?C?COPY
  C:20CFH         PUBLIC        ?C?COPY
  -------         ENDMOD        ?C?COPY

  -------         MODULE        ?C?CLDPTR
  C:20F5H         PUBLIC        ?C?CLDPTR
  -------         ENDMOD        ?C?CLDPTR

  -------         MODULE        ?C?CLDOPTR
  C:210EH         PUBLIC        ?C?CLDOPTR
  -------         ENDMOD        ?C?CLDOPTR

  -------         MODULE        ?C?CILDPTR
  C:213BH         PUBLIC        ?C?CILDPTR
BL51 BANKED LINKER/LOCATER V6.22                                                      11/07/2015  14:53:14  PAGE 145


  -------         ENDMOD        ?C?CILDPTR

  -------         MODULE        ?C?CSTPTR
  C:215DH         PUBLIC        ?C?CSTPTR
  -------         ENDMOD        ?C?CSTPTR

  -------         MODULE        ?C?CSTOPTR
  C:216FH         PUBLIC        ?C?CSTOPTR
  -------         ENDMOD        ?C?CSTOPTR

  -------         MODULE        ?C?IMUL
  C:2191H         PUBLIC        ?C?IMUL
  -------         ENDMOD        ?C?IMUL

  -------         MODULE        ?C?UIDIV
  C:21A3H         PUBLIC        ?C?UIDIV
  -------         ENDMOD        ?C?UIDIV

  -------         MODULE        ?C?IILDX
  C:21F8H         PUBLIC        ?C?IILDX
  -------         ENDMOD        ?C?IILDX

  -------         MODULE        ?C?ILDIX
  C:220EH         PUBLIC        ?C?ILDIX
  -------         ENDMOD        ?C?ILDIX

  -------         MODULE        ?C?ILDPTR
  C:2224H         PUBLIC        ?C?ILDPTR
  -------         ENDMOD        ?C?ILDPTR

  -------         MODULE        ?C?ILDOPTR
  C:224FH         PUBLIC        ?C?ILDOPTR
  -------         ENDMOD        ?C?ILDOPTR

  -------         MODULE        ?C?ISTOPTR
  C:2287H         PUBLIC        ?C?ISTOPTR
  -------         ENDMOD        ?C?ISTOPTR

  -------         MODULE        ?C?SLCMP
  C:22B4H         PUBLIC        ?C?SLCMP
  -------         ENDMOD        ?C?SLCMP

  -------         MODULE        ?C?LSHL
  C:22CAH         PUBLIC        ?C?LSHL
  -------         ENDMOD        ?C?LSHL

  -------         MODULE        ?C?LLDPTR
  C:22DDH         PUBLIC        ?C?LLDPTR
  -------         ENDMOD        ?C?LLDPTR

  -------         MODULE        ?C?LSTPTR
  C:22FDH         PUBLIC        ?C?LSTPTR
  -------         ENDMOD        ?C?LSTPTR

  -------         MODULE        ?C?LSTXDATA
  C:2317H         PUBLIC        ?C?LSTXDATA
  -------         ENDMOD        ?C?LSTXDATA
BL51 BANKED LINKER/LOCATER V6.22                                                      11/07/2015  14:53:14  PAGE 146



  -------         MODULE        ?C?PLDPTR
  C:2323H         PUBLIC        ?C?PLDPTR
  -------         ENDMOD        ?C?PLDPTR

  -------         MODULE        ?C?PLDOPTR
  C:2343H         PUBLIC        ?C?PLDOPTR
  -------         ENDMOD        ?C?PLDOPTR

  -------         MODULE        ?C?CCASE
  C:2373H         PUBLIC        ?C?CCASE
  -------         ENDMOD        ?C?CCASE

  -------         MODULE        ?C?ICALL
  C:2399H         PUBLIC        ?C?ICALL
  C:239DH         PUBLIC        ?C?ICALL2
  -------         ENDMOD        ?C?ICALL

  -------         MODULE        STRLEN
  C:A699H         PUBLIC        _STRLEN
  -------         ENDMOD        STRLEN

  -------         MODULE        STRSTR
  X:0571H         PUBLIC        ?_strstr?BYTE
  C:7B52H         PUBLIC        _strstr
  -------         ENDMOD        STRSTR

  -------         MODULE        ?C?MEMCMP
  C:2525H         PUBLIC        ?C?MEMCMP
  -------         ENDMOD        ?C?MEMCMP

  -------         MODULE        ?C?MEMSET
  C:2549H         PUBLIC        ?C?MEMSET
  -------         ENDMOD        ?C?MEMSET

  -------         MODULE        ?C?LLDIDATA
  C:2575H         PUBLIC        ?C?LLDIDATA
  -------         ENDMOD        ?C?LLDIDATA

  -------         MODULE        ?C?LLDXDATA
  C:2581H         PUBLIC        ?C?LLDXDATA
  -------         ENDMOD        ?C?LLDXDATA

  -------         MODULE        ?C?LLDPDATA
  C:258DH         PUBLIC        ?C?LLDPDATA
  -------         ENDMOD        ?C?LLDPDATA

  -------         MODULE        ?C?LLDCODE
  C:2599H         PUBLIC        ?C?LLDCODE
  -------         ENDMOD        ?C?LLDCODE

  -------         MODULE        ?C?LSTIDATA
  C:25A9H         PUBLIC        ?C?LSTIDATA
  -------         ENDMOD        ?C?LSTIDATA

  -------         MODULE        ?C?LSTPDATA
  C:25B5H         PUBLIC        ?C?LSTPDATA
BL51 BANKED LINKER/LOCATER V6.22                                                      11/07/2015  14:53:14  PAGE 147


  -------         ENDMOD        ?C?LSTPDATA

  -------         MODULE        ?C?PLDIDATA
  C:25C1H         PUBLIC        ?C?PLDIDATA
  -------         ENDMOD        ?C?PLDIDATA

  -------         MODULE        ?C?PLDXDATA
  C:25CAH         PUBLIC        ?C?PLDXDATA
  -------         ENDMOD        ?C?PLDXDATA

  -------         MODULE        ?C?PLDPDATA
  C:25D3H         PUBLIC        ?C?PLDPDATA
  -------         ENDMOD        ?C?PLDPDATA

  -------         MODULE        ?C?PLDCODE
  C:25DCH         PUBLIC        ?C?PLDCODE
  -------         ENDMOD        ?C?PLDCODE

*** WARNING L16: UNCALLED SEGMENT, IGNORED FOR OVERLAY PROCESS
    SEGMENT: ?PR?_OSSENDSIGNAL?OS_CORE

*** WARNING L15: MULTIPLE CALL TO SEGMENT
    SEGMENT: ?PR?_HOSTMSGPOST?SYS
    CALLER1: ?PR?OSTICKISR?OS_CPU_C
    CALLER2: ?PR?EXINT0?RF_REMOTE

*** WARNING L15: MULTIPLE CALL TO SEGMENT
    SEGMENT: ?PR?_HOSTMSGPOST?SYS
    CALLER1: ?PR?EXINT0?RF_REMOTE
    CALLER2: ?C_C51STARTUP

Program Size: data=39.3 xdata=1603 code=43172
LINK/LOCATE RUN COMPLETE.  3 WARNING(S),  0 ERROR(S)
